Archive member included because of file (symbol)

/usr/local/Cellar/arm-none-eabi-gcc/20140609/bin/../lib/gcc/arm-none-eabi/4.8.4/armv6-m/libgcc.a(_udivsi3.o)
                              obj/system_stm32f0xx.o (__aeabi_uidiv)
/usr/local/Cellar/arm-none-eabi-gcc/20140609/bin/../lib/gcc/arm-none-eabi/4.8.4/armv6-m/libgcc.a(_dvmd_tls.o)
                              /usr/local/Cellar/arm-none-eabi-gcc/20140609/bin/../lib/gcc/arm-none-eabi/4.8.4/armv6-m/libgcc.a(_udivsi3.o) (__aeabi_idiv0)
/usr/local/Cellar/arm-none-eabi-gcc/20140609/bin/../lib/gcc/arm-none-eabi/4.8.4/../../../../arm-none-eabi/lib/armv6-m/libc.a(lib_a-memcpy-stub.o)
                              obj/Flash.o (memcpy)

Discarded input sections

 .group         0x0000000000000000        0x8 obj/stm32f0_discovery.o
 .group         0x0000000000000000        0x8 obj/stm32f0_discovery.o
 .group         0x0000000000000000        0x8 obj/stm32f0_discovery.o
 .group         0x0000000000000000        0x8 obj/stm32f0_discovery.o
 .group         0x0000000000000000        0x8 obj/stm32f0_discovery.o
 .group         0x0000000000000000        0x8 obj/stm32f0_discovery.o
 .group         0x0000000000000000        0x8 obj/stm32f0_discovery.o
 .group         0x0000000000000000        0x8 obj/stm32f0_discovery.o
 .group         0x0000000000000000        0x8 obj/stm32f0_discovery.o
 .group         0x0000000000000000        0x8 obj/stm32f0_discovery.o
 .group         0x0000000000000000        0x8 obj/stm32f0_discovery.o
 .group         0x0000000000000000        0x8 obj/stm32f0_discovery.o
 .group         0x0000000000000000        0x8 obj/stm32f0_discovery.o
 .group         0x0000000000000000        0x8 obj/stm32f0_discovery.o
 .group         0x0000000000000000        0x8 obj/stm32f0_discovery.o
 .group         0x0000000000000000        0x8 obj/stm32f0_discovery.o
 .group         0x0000000000000000        0x8 obj/stm32f0_discovery.o
 .group         0x0000000000000000        0x8 obj/stm32f0_discovery.o
 .group         0x0000000000000000        0x8 obj/stm32f0_discovery.o
 .group         0x0000000000000000        0x8 obj/stm32f0_discovery.o
 .group         0x0000000000000000        0x8 obj/stm32f0_discovery.o
 .group         0x0000000000000000        0x8 obj/stm32f0_discovery.o
 .group         0x0000000000000000        0x8 obj/stm32f0_discovery.o
 .group         0x0000000000000000        0x8 obj/stm32f0_discovery.o
 .group         0x0000000000000000        0x8 obj/stm32f0_discovery.o
 .group         0x0000000000000000        0x8 obj/stm32f0_discovery.o
 .group         0x0000000000000000        0x8 obj/stm32f0_discovery.o
 .group         0x0000000000000000        0x8 obj/stm32f0_discovery.o
 .group         0x0000000000000000        0x8 obj/stm32f0_discovery.o
 .text          0x0000000000000000        0x0 obj/stm32f0_discovery.o
 .data          0x0000000000000000        0x0 obj/stm32f0_discovery.o
 .bss           0x0000000000000000        0x0 obj/stm32f0_discovery.o
 .data.GPIO_PORT
                0x0000000000000000        0x8 obj/stm32f0_discovery.o
 .rodata.GPIO_PIN
                0x0000000000000000        0x4 obj/stm32f0_discovery.o
 .rodata.GPIO_CLK
                0x0000000000000000        0x8 obj/stm32f0_discovery.o
 .data.BUTTON_PORT
                0x0000000000000000        0x4 obj/stm32f0_discovery.o
 .rodata.BUTTON_PIN
                0x0000000000000000        0x4 obj/stm32f0_discovery.o
 .rodata.BUTTON_CLK
                0x0000000000000000        0x4 obj/stm32f0_discovery.o
 .rodata.BUTTON_EXTI_LINE
                0x0000000000000000        0x4 obj/stm32f0_discovery.o
 .rodata.BUTTON_PORT_SOURCE
                0x0000000000000000        0x4 obj/stm32f0_discovery.o
 .rodata.BUTTON_PIN_SOURCE
                0x0000000000000000        0x4 obj/stm32f0_discovery.o
 .rodata.BUTTON_IRQn
                0x0000000000000000        0x4 obj/stm32f0_discovery.o
 .text.STM_EVAL_LEDInit
                0x0000000000000000       0x78 obj/stm32f0_discovery.o
 .text.STM_EVAL_LEDOn
                0x0000000000000000       0x30 obj/stm32f0_discovery.o
 .text.STM_EVAL_LEDOff
                0x0000000000000000       0x30 obj/stm32f0_discovery.o
 .text.STM_EVAL_LEDToggle
                0x0000000000000000       0x44 obj/stm32f0_discovery.o
 .text.STM_EVAL_PBInit
                0x0000000000000000       0xdc obj/stm32f0_discovery.o
 .text.STM_EVAL_PBGetState
                0x0000000000000000       0x30 obj/stm32f0_discovery.o
 .debug_info    0x0000000000000000      0x6eb obj/stm32f0_discovery.o
 .debug_abbrev  0x0000000000000000      0x16a obj/stm32f0_discovery.o
 .debug_aranges
                0x0000000000000000       0x48 obj/stm32f0_discovery.o
 .debug_ranges  0x0000000000000000       0x38 obj/stm32f0_discovery.o
 .debug_macro   0x0000000000000000      0x156 obj/stm32f0_discovery.o
 .debug_macro   0x0000000000000000      0x814 obj/stm32f0_discovery.o
 .debug_macro   0x0000000000000000       0x75 obj/stm32f0_discovery.o
[...]
Memory Configuration

Name             Origin             Length             Attributes
FLASH            0x0000000008000000 0x0000000000010000 xr
RAM              0x0000000020000000 0x0000000000002000 xrw
MEMORY_B1        0x0000000060000000 0x0000000000000000 xr
*default*        0x0000000000000000 0xffffffffffffffff

Linker script and memory map

LOAD obj/stm32f0_discovery.o
LOAD obj/startup_stm32f0xx.o
LOAD obj/system_stm32f0xx.o
LOAD obj/stm32f0xx_rcc.o
LOAD obj/stm32f0xx_gpio.o
LOAD obj/stm32f0xx_misc.o
LOAD obj/stm32f0xx_syscfg.o
LOAD obj/stm32f0xx_exti.o
LOAD obj/stm32f0xx_flash.o
LOAD obj/stm32f0xx_tim.o
LOAD obj/stm32f0xx_dma.o
LOAD obj/stm32f0xx_usart.o
LOAD obj/main.o
LOAD obj/stm32f0xx_it.o
LOAD obj/System.o
LOAD obj/Flash.o
LOAD obj/DMA1.o
LOAD obj/USART1.o
LOAD obj/WS2812B.o
LOAD obj/Tim1_Pwm.o
LOAD obj/BinUtils.o
LOAD obj/Color.o
LOAD obj/FiFo.o
LOAD obj/RecordingLight.o
LOAD obj/Settings.o
LOAD obj/USART_SM.o
LOAD /usr/local/Cellar/arm-none-eabi-gcc/20140609/bin/../lib/gcc/arm-none-eabi/4.8.4/../../../../arm-none-eabi/lib/armv6-m/libstdc++.a
LOAD /usr/local/Cellar/arm-none-eabi-gcc/20140609/bin/../lib/gcc/arm-none-eabi/4.8.4/../../../../arm-none-eabi/lib/armv6-m/libm.a
START GROUP
LOAD /usr/local/Cellar/arm-none-eabi-gcc/20140609/bin/../lib/gcc/arm-none-eabi/4.8.4/armv6-m/libgcc.a
LOAD /usr/local/Cellar/arm-none-eabi-gcc/20140609/bin/../lib/gcc/arm-none-eabi/4.8.4/../../../../arm-none-eabi/lib/armv6-m/libc.a
END GROUP
                0x0000000020002000                _estack = 0x20002000
                0x0000000000000000                _Min_Heap_Size = 0x0
                0x0000000000000400                _Min_Stack_Size = 0x400

.isr_vector     0x0000000008000000       0xc4
                0x0000000008000000                . = ALIGN (0x4)
 *(.isr_vector)
 .isr_vector    0x0000000008000000       0xc4 obj/startup_stm32f0xx.o
                0x0000000008000000                g_pfnVectors
                0x00000000080000c4                . = ALIGN (0x4)

.text           0x00000000080000c4     0x3a18
                0x00000000080000c4                . = ALIGN (0x4)
 *(.text)
 .text          0x00000000080000c4       0x9c /usr/local/Cellar/arm-none-eabi-gcc/20140609/bin/../lib/gcc/arm-none-eabi/4.8.4/armv6-m/libgcc.a(_udivsi3.o)
                0x00000000080000c4                __udivsi3
                0x00000000080000c4                __aeabi_uidiv
                0x000000000800014c                __aeabi_uidivmod
 .text          0x0000000008000160        0x4 /usr/local/Cellar/arm-none-eabi-gcc/20140609/bin/../lib/gcc/arm-none-eabi/4.8.4/armv6-m/libgcc.a(_dvmd_tls.o)
                0x0000000008000160                __aeabi_ldiv0
                0x0000000008000160                __aeabi_idiv0
 *(.text*)
 .text.Reset_Handler
                0x0000000008000164       0x48 obj/startup_stm32f0xx.o
                0x0000000008000164                Reset_Handler
 .text.Default_Handler
                0x00000000080001ac        0x2 obj/startup_stm32f0xx.o
                0x00000000080001ac                TIM1_BRK_UP_TRG_COM_IRQHandler
                0x00000000080001ac                ADC1_COMP_IRQHandler
                0x00000000080001ac                PVD_IRQHandler
                0x00000000080001ac                I2C1_IRQHandler
                0x00000000080001ac                SPI1_IRQHandler
                0x00000000080001ac                TIM6_DAC_IRQHandler
                0x00000000080001ac                EXTI2_3_IRQHandler
                0x00000000080001ac                I2C2_IRQHandler
                0x00000000080001ac                TIM17_IRQHandler
                0x00000000080001ac                RTC_IRQHandler
                0x00000000080001ac                TIM16_IRQHandler
                0x00000000080001ac                TIM3_IRQHandler
                0x00000000080001ac                EXTI4_15_IRQHandler
                0x00000000080001ac                RCC_IRQHandler
                0x00000000080001ac                Default_Handler
                0x00000000080001ac                CEC_IRQHandler
                0x00000000080001ac                TIM14_IRQHandler
                0x00000000080001ac                TIM15_IRQHandler
                0x00000000080001ac                EXTI0_1_IRQHandler
                0x00000000080001ac                SPI2_IRQHandler
                0x00000000080001ac                TS_IRQHandler
                0x00000000080001ac                WWDG_IRQHandler
                0x00000000080001ac                TIM2_IRQHandler
                0x00000000080001ac                USART2_IRQHandler
                0x00000000080001ac                FLASH_IRQHandler
                0x00000000080001ac                TIM1_CC_IRQHandler
 *fill*         0x00000000080001ae        0x2 
 .text.SystemInit
                0x00000000080001b0       0x8c obj/system_stm32f0xx.o
                0x00000000080001b0                SystemInit
 .text.SetSysClock
                0x000000000800023c       0xe0 obj/system_stm32f0xx.o
 .text.RCC_GetClocksFreq
                0x000000000800031c      0x1cc obj/stm32f0xx_rcc.o
                0x000000000800031c                RCC_GetClocksFreq
 .text.RCC_AHBPeriphClockCmd
                0x00000000080004e8       0x84 obj/stm32f0xx_rcc.o
                0x00000000080004e8                RCC_AHBPeriphClockCmd
 .text.RCC_APB2PeriphClockCmd
                0x000000000800056c       0x84 obj/stm32f0xx_rcc.o
                0x000000000800056c                RCC_APB2PeriphClockCmd
 .text.GPIO_Init
                0x00000000080005f0      0x21c obj/stm32f0xx_gpio.o
                0x00000000080005f0                GPIO_Init
 .text.GPIO_PinAFConfig
                0x000000000800080c      0x1a0 obj/stm32f0xx_gpio.o
                0x000000000800080c                GPIO_PinAFConfig
 .text.NVIC_Init
                0x00000000080009ac       0xdc obj/stm32f0xx_misc.o
                0x00000000080009ac                NVIC_Init
 .text.FLASH_Unlock
                0x0000000008000a88       0x2c obj/stm32f0xx_flash.o
                0x0000000008000a88                FLASH_Unlock
 .text.FLASH_ErasePage
                0x0000000008000ab4       0xa4 obj/stm32f0xx_flash.o
                0x0000000008000ab4                FLASH_ErasePage
 .text.FLASH_ProgramWord
                0x0000000008000b58       0xdc obj/stm32f0xx_flash.o
                0x0000000008000b58                FLASH_ProgramWord
 .text.FLASH_GetStatus
                0x0000000008000c34       0x58 obj/stm32f0xx_flash.o
                0x0000000008000c34                FLASH_GetStatus
 .text.FLASH_WaitForLastOperation
                0x0000000008000c8c       0x5c obj/stm32f0xx_flash.o
                0x0000000008000c8c                FLASH_WaitForLastOperation
 .text.TIM_TimeBaseInit
                0x0000000008000ce8      0x1ac obj/stm32f0xx_tim.o
                0x0000000008000ce8                TIM_TimeBaseInit
 .text.TIM_ARRPreloadConfig
                0x0000000008000e94       0xcc obj/stm32f0xx_tim.o
                0x0000000008000e94                TIM_ARRPreloadConfig
 .text.TIM_Cmd  0x0000000008000f60       0xd0 obj/stm32f0xx_tim.o
                0x0000000008000f60                TIM_Cmd
 .text.TIM_CtrlPWMOutputs
                0x0000000008001030       0xb0 obj/stm32f0xx_tim.o
                0x0000000008001030                TIM_CtrlPWMOutputs
 .text.TIM_OC1Init
                0x00000000080010e0      0x300 obj/stm32f0xx_tim.o
                0x00000000080010e0                TIM_OC1Init
 .text.TIM_OC2Init
                0x00000000080013e0      0x2e8 obj/stm32f0xx_tim.o
                0x00000000080013e0                TIM_OC2Init
 .text.TIM_OC3Init
                0x00000000080016c8      0x2e0 obj/stm32f0xx_tim.o
                0x00000000080016c8                TIM_OC3Init
 .text.TIM_OC4Init
                0x00000000080019a8      0x208 obj/stm32f0xx_tim.o
                0x00000000080019a8                TIM_OC4Init
 .text.TIM_SetCompare1
                0x0000000008001bb0       0x7c obj/stm32f0xx_tim.o
                0x0000000008001bb0                TIM_SetCompare1
 .text.TIM_SetCompare2
                0x0000000008001c2c       0x58 obj/stm32f0xx_tim.o
                0x0000000008001c2c                TIM_SetCompare2
 .text.TIM_SetCompare3
                0x0000000008001c84       0x4c obj/stm32f0xx_tim.o
                0x0000000008001c84                TIM_SetCompare3
 .text.TIM_OC1PreloadConfig
                0x0000000008001cd0       0xd8 obj/stm32f0xx_tim.o
                0x0000000008001cd0                TIM_OC1PreloadConfig
 .text.DMA_GetITStatus
                0x0000000008001da8       0xfc obj/stm32f0xx_dma.o
                0x0000000008001da8                DMA_GetITStatus
 .text.DMA_ClearITPendingBit
                0x0000000008001ea4       0x3c obj/stm32f0xx_dma.o
                0x0000000008001ea4                DMA_ClearITPendingBit
 .text.USART_Init
                0x0000000008001ee0      0x288 obj/stm32f0xx_usart.o
                0x0000000008001ee0                USART_Init
 .text.USART_Cmd
                0x0000000008002168       0x84 obj/stm32f0xx_usart.o
                0x0000000008002168                USART_Cmd
 .text.USART_SendData
                0x00000000080021ec       0x6c obj/stm32f0xx_usart.o
                0x00000000080021ec                USART_SendData
 .text.USART_ITConfig
                0x0000000008002258      0x16c obj/stm32f0xx_usart.o
                0x0000000008002258                USART_ITConfig
 .text.USART_GetFlagStatus
                0x00000000080023c4      0x13c obj/stm32f0xx_usart.o
                0x00000000080023c4                USART_GetFlagStatus
 .text.USART_ClearFlag
                0x0000000008002500       0x40 obj/stm32f0xx_usart.o
                0x0000000008002500                USART_ClearFlag
 .text.USART_GetITStatus
                0x0000000008002540      0x194 obj/stm32f0xx_usart.o
                0x0000000008002540                USART_GetITStatus
 .text.main     0x00000000080026d4       0x24 obj/main.o
                0x00000000080026d4                main
 .text.assert_failed
                0x00000000080026f8        0xc obj/main.o
                0x00000000080026f8                assert_failed
 .text.NMI_Handler
                0x0000000008002704        0x8 obj/stm32f0xx_it.o
                0x0000000008002704                NMI_Handler
 .text.HardFault_Handler
                0x000000000800270c        0x8 obj/stm32f0xx_it.o
                0x000000000800270c                HardFault_Handler
 .text.SVC_Handler
                0x0000000008002714        0x8 obj/stm32f0xx_it.o
                0x0000000008002714                SVC_Handler
 .text.PendSV_Handler
                0x000000000800271c        0x8 obj/stm32f0xx_it.o
                0x000000000800271c                PendSV_Handler
 .text.NVIC_SetPriority
                0x0000000008002724       0xe0 obj/System.o
 .text.SysTick_Config
                0x0000000008002804       0x4c obj/System.o
 .text.System_init
                0x0000000008002850        0x8 obj/System.o
                0x0000000008002850                System_init
 .text.System_PITSetup
                0x0000000008002858       0x40 obj/System.o
                0x0000000008002858                System_PITSetup
 .text.System_PITSetTaskCallback
                0x0000000008002898       0x18 obj/System.o
                0x0000000008002898                System_PITSetTaskCallback
 .text.System_PITStart
                0x00000000080028b0       0x44 obj/System.o
                0x00000000080028b0                System_PITStart
 .text.idle     0x00000000080028f4       0x3c obj/System.o
                0x00000000080028f4                idle
 .text.SysTick_Handler
                0x0000000008002930       0x14 obj/System.o
                0x0000000008002930                SysTick_Handler
 .text.Flash_init
                0x0000000008002944        0xc obj/Flash.o
                0x0000000008002944                Flash_init
 .text.Flash_writeToDataPage
                0x0000000008002950       0xe4 obj/Flash.o
                0x0000000008002950                Flash_writeToDataPage
 .text.Flash_readFromDataPage
                0x0000000008002a34       0x24 obj/Flash.o
                0x0000000008002a34                Flash_readFromDataPage
 .text.DMA1_Channel1_IRQHandler
                0x0000000008002a58       0x80 obj/DMA1.o
                0x0000000008002a58                DMA1_Channel1_IRQHandler
 .text.DMA1_Channel2_3_IRQHandler
                0x0000000008002ad8       0xf4 obj/DMA1.o
                0x0000000008002ad8                DMA1_Channel2_3_IRQHandler
 .text.DMA1_Channel4_5_IRQHandler
                0x0000000008002bcc      0x104 obj/DMA1.o
                0x0000000008002bcc                DMA1_Channel4_5_IRQHandler
 .text.USART1_init
                0x0000000008002cd0       0xf4 obj/USART1.o
                0x0000000008002cd0                USART1_init
 .text.USART1_setByteReceivedCallback
                0x0000000008002dc4       0x18 obj/USART1.o
                0x0000000008002dc4                USART1_setByteReceivedCallback
 .text.USART1_sendByte
                0x0000000008002ddc       0x38 obj/USART1.o
                0x0000000008002ddc                USART1_sendByte
 .text.USART1_IRQHandler
                0x0000000008002e14       0x58 obj/USART1.o
                0x0000000008002e14                USART1_IRQHandler
 .text.Tim1_Pwm_init
                0x0000000008002e6c      0x14c obj/Tim1_Pwm.o
                0x0000000008002e6c                Tim1_Pwm_init
 .text.Tim1_Pwm_setValueCh1
                0x0000000008002fb8       0x24 obj/Tim1_Pwm.o
                0x0000000008002fb8                Tim1_Pwm_setValueCh1
 .text.Tim1_Pwm_setValueCh2
                0x0000000008002fdc       0x24 obj/Tim1_Pwm.o
                0x0000000008002fdc                Tim1_Pwm_setValueCh2
 .text.Tim1_Pwm_setValueCh3
                0x0000000008003000       0x24 obj/Tim1_Pwm.o
                0x0000000008003000                Tim1_Pwm_setValueCh3
 .text.BinUtils_get4BytesFrom32Bit
                0x0000000008003024       0x48 obj/BinUtils.o
                0x0000000008003024                BinUtils_get4BytesFrom32Bit
 .text.FiFo_init
                0x000000000800306c       0x5c obj/FiFo.o
                0x000000000800306c                FiFo_init
 .text.FiFo_push
                0x00000000080030c8       0x60 obj/FiFo.o
                0x00000000080030c8                FiFo_push
 .text.FiFo_pop
                0x0000000008003128       0x5c obj/FiFo.o
                0x0000000008003128                FiFo_pop
 .text.getNextPointerLocation
                0x0000000008003184       0x40 obj/FiFo.o
 .text.RecordingLight_init
                0x00000000080031c4       0x2c obj/RecordingLight.o
                0x00000000080031c4                RecordingLight_init
 .text.RecordingLight_tick
                0x00000000080031f0       0x2c obj/RecordingLight.o
                0x00000000080031f0                RecordingLight_tick
 .text.update   0x000000000800321c       0x64 obj/RecordingLight.o
 .text.handleCommand
                0x0000000008003280       0xc4 obj/RecordingLight.o
 .text.sendResponse
                0x0000000008003344       0x6c obj/RecordingLight.o
 .text.resetStateMachine
                0x00000000080033b0       0x20 obj/RecordingLight.o
 .text.setState
                0x00000000080033d0       0x30 obj/RecordingLight.o
 .text.getState
                0x0000000008003400       0x24 obj/RecordingLight.o
 .text.setColor
                0x0000000008003424       0xbc obj/RecordingLight.o
 .text.getColor
                0x00000000080034e0       0x74 obj/RecordingLight.o
 .text.sendInfo
                0x0000000008003554       0x1c obj/RecordingLight.o
 .text.setLedColor
                0x0000000008003570       0x70 obj/RecordingLight.o
                0x0000000008003570                setLedColor
 .text.Settings_read
                0x00000000080035e0       0x7c obj/Settings.o
                0x00000000080035e0                Settings_read
 .text.Settings_write
                0x000000000800365c       0x50 obj/Settings.o
                0x000000000800365c                Settings_write
 .text.init     0x00000000080036ac       0x18 obj/Settings.o
 .text.USART_SM_init
                0x00000000080036c4       0x48 obj/USART_SM.o
                0x00000000080036c4                USART_SM_init
 .text.USART_SM_tick
                0x000000000800370c       0x48 obj/USART_SM.o
                0x000000000800370c                USART_SM_tick
 .text.USART_SM_getMessage
                0x0000000008003754       0x3c obj/USART_SM.o
                0x0000000008003754                USART_SM_getMessage
 .text.receiveByteCallback
                0x0000000008003790       0x24 obj/USART_SM.o
 .text.readHeader
                0x00000000080037b4       0x28 obj/USART_SM.o
 .text.readCommand
                0x00000000080037dc       0x3c obj/USART_SM.o
 .text.readArg  0x0000000008003818       0x80 obj/USART_SM.o
 .text.memcpy   0x0000000008003898       0x84 /usr/local/Cellar/arm-none-eabi-gcc/20140609/bin/../lib/gcc/arm-none-eabi/4.8.4/../../../../arm-none-eabi/lib/armv6-m/libc.a(lib_a-memcpy-stub.o)
                0x0000000008003898                memcpy
 *(.rodata)
 .rodata        0x000000000800391c       0x40 obj/stm32f0xx_rcc.o
 .rodata        0x000000000800395c       0x40 obj/stm32f0xx_gpio.o
 .rodata        0x000000000800399c       0x40 obj/stm32f0xx_misc.o
 .rodata        0x00000000080039dc       0x40 obj/stm32f0xx_flash.o
 .rodata        0x0000000008003a1c       0x40 obj/stm32f0xx_tim.o
 .rodata        0x0000000008003a5c       0x40 obj/stm32f0xx_dma.o
 .rodata        0x0000000008003a9c       0x40 obj/stm32f0xx_usart.o
 *(.rodata*)
 *(.glue_7)
 .glue_7        0x0000000000000000        0x0 linker stubs
 *(.glue_7t)
 .glue_7t       0x0000000000000000        0x0 linker stubs
 *(.eh_frame)
 *(.init)
 *(.fini)
                0x0000000008003adc                . = ALIGN (0x4)
                0x0000000008003adc                _etext = .

.vfp11_veneer   0x0000000008003adc        0x0
 .vfp11_veneer  0x0000000000000000        0x0 linker stubs

.v4_bx          0x0000000008003adc        0x0
 .v4_bx         0x0000000000000000        0x0 linker stubs

.iplt           0x0000000008003adc        0x0
 .iplt          0x0000000000000000        0x0 obj/stm32f0_discovery.o

.rel.dyn        0x0000000008003adc        0x0
 .rel.iplt      0x0000000000000000        0x0 obj/stm32f0_discovery.o

.ARM.extab
 *(.ARM.extab* .gnu.linkonce.armextab.*)

.ARM            0x0000000008003adc        0x0
                0x0000000008003adc                __exidx_start = .
 *(.ARM.exidx*)
                0x0000000008003adc                __exidx_end = .

.preinit_array  0x0000000008003adc        0x0
                0x0000000008003adc                PROVIDE (__preinit_array_start, .)
 *(.preinit_array*)
                0x0000000008003adc                PROVIDE (__preinit_array_end, .)

.init_array     0x0000000008003adc        0x0
                0x0000000008003adc                PROVIDE (__init_array_start, .)
 *(SORT(.init_array.*))
 *(.init_array*)
                0x0000000008003adc                PROVIDE (__init_array_end, .)

.fini_array     0x0000000008003adc        0x0
                0x0000000008003adc                PROVIDE (__fini_array_start, .)
 *(.fini_array*)
 *(SORT(.fini_array.*))
                0x0000000008003adc                PROVIDE (__fini_array_end, .)
                0x0000000008003adc                _sidata = .

.data           0x0000000020000000       0x10 load address 0x0000000008003adc
                0x0000000020000000                . = ALIGN (0x4)
                0x0000000020000000                _sdata = .
 *(.data)
 *(.data*)
 .data.APBAHBPrescTable
                0x0000000020000000       0x10 obj/stm32f0xx_rcc.o
                0x0000000020000010                . = ALIGN (0x4)
                0x0000000020000010                _edata = .

.igot.plt       0x0000000020000010        0x0 load address 0x0000000008003aec
 .igot.plt      0x0000000000000000        0x0 obj/stm32f0_discovery.o
                0x0000000020000010                . = ALIGN (0x4)

.bss            0x0000000020000010      0x128 load address 0x0000000008003aec
                0x0000000020000010                _sbss = .
                0x0000000020000010                __bss_start__ = _sbss
 *(.bss)
 *(.bss*)
 .bss.localTime
                0x0000000020000010        0x4 obj/System.o
 .bss.taskCallback
                0x0000000020000014        0x4 obj/System.o
 .bss.idleCallback
                0x0000000020000018        0x4 obj/System.o
 .bss.handleSystickInterrupt
                0x000000002000001c        0x1 obj/System.o
 *fill*         0x000000002000001d        0x3 
 .bss.systickIncrementInMs
                0x0000000020000020        0x4 obj/System.o
 .bss.errorCallback
                0x0000000020000024       0x14 obj/DMA1.o
 .bss.transferCompleteCallback
                0x0000000020000038       0x14 obj/DMA1.o
 .bss.halfTransferCompleteCallback
                0x000000002000004c       0x14 obj/DMA1.o
 .bss.callbackArg
                0x0000000020000060       0x14 obj/DMA1.o
 .bss.receivedByteCallback
                0x0000000020000074        0x4 obj/USART1.o
 .bss.currentState
                0x0000000020000078        0x1 obj/RecordingLight.o
 *fill*         0x0000000020000079        0x3 
 .bss.settings  0x000000002000007c       0x10 obj/RecordingLight.o
 .bss.isInited  0x000000002000008c        0x1 obj/Settings.o
                0x000000002000008c                isInited
 *fill*         0x000000002000008d        0x3 
 .bss.decodedMsg
                0x0000000020000090        0x8 obj/USART_SM.o
 .bss.gotNewDecodedMessage
                0x0000000020000098        0x1 obj/USART_SM.o
 *fill*         0x0000000020000099        0x3 
 .bss.receiveBuffer
                0x000000002000009c       0x80 obj/USART_SM.o
 .bss.receiveFiFo
                0x000000002000011c       0x14 obj/USART_SM.o
 .bss.argReadCtr
                0x0000000020000130        0x1 obj/USART_SM.o
 *fill*         0x0000000020000131        0x3 
 .bss.currentState
                0x0000000020000134        0x4 obj/USART_SM.o
 *(COMMON)
                0x0000000020000138                . = ALIGN (0x4)
                0x0000000020000138                _ebss = .
                0x0000000020000138                __bss_end__ = _ebss

._user_heap_stack
                0x0000000020000138      0x400 load address 0x0000000008003c14
                0x0000000020000138                . = ALIGN (0x4)
                0x0000000020000138                PROVIDE (end, .)
                0x0000000020000138                PROVIDE (_end, .)
                0x0000000020000138                . = (. + _Min_Heap_Size)
                0x0000000020000538                . = (. + _Min_Stack_Size)
 *fill*         0x0000000020000138      0x400 
                0x0000000020000538                . = ALIGN (0x4)

.memory_b1_text
 *(.mb1text)
 *(.mb1text*)
 *(.mb1rodata)
 *(.mb1rodata*)

/DISCARD/
 libc.a(*)
 libm.a(*)
 libgcc.a(*)

.ARM.attributes
                0x0000000000000000       0x2f
 *(.ARM.attributes)
 .ARM.attributes
                0x0000000000000000       0x21 obj/startup_stm32f0xx.o
 .ARM.attributes
                0x0000000000000021       0x31 obj/system_stm32f0xx.o
 .ARM.attributes
                0x0000000000000052       0x31 obj/stm32f0xx_rcc.o
 .ARM.attributes
                0x0000000000000083       0x31 obj/stm32f0xx_gpio.o
 .ARM.attributes
                0x00000000000000b4       0x31 obj/stm32f0xx_misc.o
 .ARM.attributes
                0x00000000000000e5       0x31 obj/stm32f0xx_flash.o
 .ARM.attributes
                0x0000000000000116       0x31 obj/stm32f0xx_tim.o
 .ARM.attributes
                0x0000000000000147       0x31 obj/stm32f0xx_dma.o
 .ARM.attributes
                0x0000000000000178       0x31 obj/stm32f0xx_usart.o
 .ARM.attributes
                0x00000000000001a9       0x31 obj/main.o
 .ARM.attributes
                0x00000000000001da       0x31 obj/stm32f0xx_it.o
 .ARM.attributes
                0x000000000000020b       0x31 obj/System.o
 .ARM.attributes
                0x000000000000023c       0x31 obj/Flash.o
 .ARM.attributes
                0x000000000000026d       0x31 obj/DMA1.o
 .ARM.attributes
                0x000000000000029e       0x31 obj/USART1.o
 .ARM.attributes
                0x00000000000002cf       0x31 obj/Tim1_Pwm.o
 .ARM.attributes
                0x0000000000000300       0x31 obj/BinUtils.o
 .ARM.attributes
                0x0000000000000331       0x31 obj/FiFo.o
 .ARM.attributes
                0x0000000000000362       0x31 obj/RecordingLight.o
 .ARM.attributes
                0x0000000000000393       0x31 obj/Settings.o
 .ARM.attributes
                0x00000000000003c4       0x31 obj/USART_SM.o
 .ARM.attributes
                0x00000000000003f5       0x1e /usr/local/Cellar/arm-none-eabi-gcc/20140609/bin/../lib/gcc/arm-none-eabi/4.8.4/armv6-m/libgcc.a(_udivsi3.o)
 .ARM.attributes
                0x0000000000000413       0x1e /usr/local/Cellar/arm-none-eabi-gcc/20140609/bin/../lib/gcc/arm-none-eabi/4.8.4/armv6-m/libgcc.a(_dvmd_tls.o)
 .ARM.attributes
                0x0000000000000431       0x2c /usr/local/Cellar/arm-none-eabi-gcc/20140609/bin/../lib/gcc/arm-none-eabi/4.8.4/../../../../arm-none-eabi/lib/armv6-m/libc.a(lib_a-memcpy-stub.o)
OUTPUT(exe/recordingLight.elf elf32-littlearm)

.debug_line     0x0000000000000000     0x84e5
 .debug_line    0x0000000000000000       0x84 obj/startup_stm32f0xx.o
 .debug_line    0x0000000000000084      0x4ae obj/system_stm32f0xx.o
 .debug_line    0x0000000000000532      0x927 obj/stm32f0xx_rcc.o
 .debug_line    0x0000000000000e59      0x661 obj/stm32f0xx_gpio.o
 .debug_line    0x00000000000014ba      0x4b4 obj/stm32f0xx_misc.o
 .debug_line    0x000000000000196e      0x7bc obj/stm32f0xx_flash.o
 .debug_line    0x000000000000212a     0x1387 obj/stm32f0xx_tim.o
 .debug_line    0x00000000000034b1      0x617 obj/stm32f0xx_dma.o
 .debug_line    0x0000000000003ac8      0xbb2 obj/stm32f0xx_usart.o
 .debug_line    0x000000000000467a      0x4c2 obj/main.o
 .debug_line    0x0000000000004b3c      0x474 obj/stm32f0xx_it.o
 .debug_line    0x0000000000004fb0      0x511 obj/System.o
 .debug_line    0x00000000000054c1      0x585 obj/Flash.o
 .debug_line    0x0000000000005a46      0x522 obj/DMA1.o
 .debug_line    0x0000000000005f68      0x4ad obj/USART1.o
 .debug_line    0x0000000000006415      0x4c0 obj/Tim1_Pwm.o
 .debug_line    0x00000000000068d5      0x46d obj/BinUtils.o
 .debug_line    0x0000000000006d42      0x585 obj/FiFo.o
 .debug_line    0x00000000000072c7      0x651 obj/RecordingLight.o
 .debug_line    0x0000000000007918      0x598 obj/Settings.o
 .debug_line    0x0000000000007eb0      0x635 obj/USART_SM.o

.debug_info     0x0000000000000000     0x6fec
 .debug_info    0x0000000000000000       0x93 obj/startup_stm32f0xx.o
 .debug_info    0x0000000000000093      0x2f6 obj/system_stm32f0xx.o
 .debug_info    0x0000000000000389      0x99b obj/stm32f0xx_rcc.o
 .debug_info    0x0000000000000d24      0x5d6 obj/stm32f0xx_gpio.o
 .debug_info    0x00000000000012fa      0x370 obj/stm32f0xx_misc.o
 .debug_info    0x000000000000166a      0x78e obj/stm32f0xx_flash.o
 .debug_info    0x0000000000001df8     0x1c6a obj/stm32f0xx_tim.o
 .debug_info    0x0000000000003a62      0x441 obj/stm32f0xx_dma.o
 .debug_info    0x0000000000003ea3      0xe65 obj/stm32f0xx_usart.o
 .debug_info    0x0000000000004d08       0xf0 obj/main.o
 .debug_info    0x0000000000004df8       0xbb obj/stm32f0xx_it.o
 .debug_info    0x0000000000004eb3      0x55e obj/System.o
 .debug_info    0x0000000000005411      0x15b obj/Flash.o
 .debug_info    0x000000000000556c      0x1da obj/DMA1.o
 .debug_info    0x0000000000005746      0x5f7 obj/USART1.o
 .debug_info    0x0000000000005d3d      0x619 obj/Tim1_Pwm.o
 .debug_info    0x0000000000006356      0x165 obj/BinUtils.o
 .debug_info    0x00000000000064bb      0x228 obj/FiFo.o
 .debug_info    0x00000000000066e3      0x448 obj/RecordingLight.o
 .debug_info    0x0000000000006b2b      0x19b obj/Settings.o
 .debug_info    0x0000000000006cc6      0x326 obj/USART_SM.o

.debug_abbrev   0x0000000000000000     0x17ed
 .debug_abbrev  0x0000000000000000       0x12 obj/startup_stm32f0xx.o
 .debug_abbrev  0x0000000000000012      0x139 obj/system_stm32f0xx.o
 .debug_abbrev  0x000000000000014b      0x1d7 obj/stm32f0xx_rcc.o
 .debug_abbrev  0x0000000000000322      0x193 obj/stm32f0xx_gpio.o
 .debug_abbrev  0x00000000000004b5      0x148 obj/stm32f0xx_misc.o
 .debug_abbrev  0x00000000000005fd      0x1cf obj/stm32f0xx_flash.o
 .debug_abbrev  0x00000000000007cc      0x1a0 obj/stm32f0xx_tim.o
 .debug_abbrev  0x000000000000096c      0x17b obj/stm32f0xx_dma.o
 .debug_abbrev  0x0000000000000ae7      0x17b obj/stm32f0xx_usart.o
 .debug_abbrev  0x0000000000000c62       0x86 obj/main.o
 .debug_abbrev  0x0000000000000ce8       0x45 obj/stm32f0xx_it.o
 .debug_abbrev  0x0000000000000d2d      0x1cd obj/System.o
 .debug_abbrev  0x0000000000000efa       0xb8 obj/Flash.o
 .debug_abbrev  0x0000000000000fb2       0xf7 obj/DMA1.o
 .debug_abbrev  0x00000000000010a9      0x149 obj/USART1.o
 .debug_abbrev  0x00000000000011f2      0x10d obj/Tim1_Pwm.o
 .debug_abbrev  0x00000000000012ff       0x97 obj/BinUtils.o
 .debug_abbrev  0x0000000000001396       0xe8 obj/FiFo.o
 .debug_abbrev  0x000000000000147e      0x157 obj/RecordingLight.o
 .debug_abbrev  0x00000000000015d5       0xcd obj/Settings.o
 .debug_abbrev  0x00000000000016a2      0x14b obj/USART_SM.o

.debug_aranges  0x0000000000000000      0xb80
 .debug_aranges
                0x0000000000000000       0x28 obj/startup_stm32f0xx.o
 .debug_aranges
                0x0000000000000028       0x30 obj/system_stm32f0xx.o
 .debug_aranges
                0x0000000000000058      0x150 obj/stm32f0xx_rcc.o
 .debug_aranges
                0x00000000000001a8       0x80 obj/stm32f0xx_gpio.o
 .debug_aranges
                0x0000000000000228       0x30 obj/stm32f0xx_misc.o
 .debug_aranges
                0x0000000000000258      0x100 obj/stm32f0xx_flash.o
 .debug_aranges
                0x0000000000000358      0x300 obj/stm32f0xx_tim.o
 .debug_aranges
                0x0000000000000658       0x70 obj/stm32f0xx_dma.o
 .debug_aranges
                0x00000000000006c8      0x1a8 obj/stm32f0xx_usart.o
 .debug_aranges
                0x0000000000000870       0x28 obj/main.o
 .debug_aranges
                0x0000000000000898       0x38 obj/stm32f0xx_it.o
 .debug_aranges
                0x00000000000008d0       0x60 obj/System.o
 .debug_aranges
                0x0000000000000930       0x30 obj/Flash.o
 .debug_aranges
                0x0000000000000960       0x40 obj/DMA1.o
 .debug_aranges
                0x00000000000009a0       0x38 obj/USART1.o
 .debug_aranges
                0x00000000000009d8       0x40 obj/Tim1_Pwm.o
 .debug_aranges
                0x0000000000000a18       0x28 obj/BinUtils.o
 .debug_aranges
                0x0000000000000a40       0x40 obj/FiFo.o
 .debug_aranges
                0x0000000000000a80       0x78 obj/RecordingLight.o
 .debug_aranges
                0x0000000000000af8       0x30 obj/Settings.o
 .debug_aranges
                0x0000000000000b28       0x58 obj/USART_SM.o

.debug_ranges   0x0000000000000000      0xa38
 .debug_ranges  0x0000000000000000       0x20 obj/startup_stm32f0xx.o
 .debug_ranges  0x0000000000000020       0x20 obj/system_stm32f0xx.o
 .debug_ranges  0x0000000000000040      0x140 obj/stm32f0xx_rcc.o
 .debug_ranges  0x0000000000000180       0x70 obj/stm32f0xx_gpio.o
 .debug_ranges  0x00000000000001f0       0x20 obj/stm32f0xx_misc.o
 .debug_ranges  0x0000000000000210       0xf0 obj/stm32f0xx_flash.o
 .debug_ranges  0x0000000000000300      0x2f0 obj/stm32f0xx_tim.o
 .debug_ranges  0x00000000000005f0       0x60 obj/stm32f0xx_dma.o
 .debug_ranges  0x0000000000000650      0x198 obj/stm32f0xx_usart.o
 .debug_ranges  0x00000000000007e8       0x18 obj/main.o
 .debug_ranges  0x0000000000000800       0x28 obj/stm32f0xx_it.o
 .debug_ranges  0x0000000000000828       0x50 obj/System.o
 .debug_ranges  0x0000000000000878       0x20 obj/Flash.o
 .debug_ranges  0x0000000000000898       0x30 obj/DMA1.o
 .debug_ranges  0x00000000000008c8       0x28 obj/USART1.o
 .debug_ranges  0x00000000000008f0       0x30 obj/Tim1_Pwm.o
 .debug_ranges  0x0000000000000920       0x18 obj/BinUtils.o
 .debug_ranges  0x0000000000000938       0x30 obj/FiFo.o
 .debug_ranges  0x0000000000000968       0x68 obj/RecordingLight.o
 .debug_ranges  0x00000000000009d0       0x20 obj/Settings.o
 .debug_ranges  0x00000000000009f0       0x48 obj/USART_SM.o

.debug_macro    0x0000000000000000     0x26fe
 .debug_macro   0x0000000000000000      0x14d obj/system_stm32f0xx.o
 .debug_macro   0x000000000000014d      0x16b obj/stm32f0xx_rcc.o
 .debug_macro   0x00000000000002b8      0x14d obj/stm32f0xx_gpio.o
 .debug_macro   0x0000000000000405      0x14d obj/stm32f0xx_misc.o
 .debug_macro   0x0000000000000552      0x14d obj/stm32f0xx_flash.o
 .debug_macro   0x000000000000069f      0x169 obj/stm32f0xx_tim.o
 .debug_macro   0x0000000000000808      0x171 obj/stm32f0xx_dma.o
 .debug_macro   0x0000000000000979      0x165 obj/stm32f0xx_usart.o
 .debug_macro   0x0000000000000ade      0x16a obj/main.o
 .debug_macro   0x0000000000000c48       0x22 obj/main.o
 .debug_macro   0x0000000000000c6a      0x157 obj/stm32f0xx_it.o
 .debug_macro   0x0000000000000dc1      0x160 obj/System.o
 .debug_macro   0x0000000000000f21      0x213 obj/Flash.o
 .debug_macro   0x0000000000001134       0x58 obj/Flash.o
 .debug_macro   0x000000000000118c       0x35 obj/Flash.o
 .debug_macro   0x00000000000011c1       0xa2 obj/Flash.o
 .debug_macro   0x0000000000001263      0x166 obj/Flash.o
 .debug_macro   0x00000000000013c9       0x52 obj/Flash.o
 .debug_macro   0x000000000000141b       0x16 obj/Flash.o
 .debug_macro   0x0000000000001431       0x43 obj/Flash.o
 .debug_macro   0x0000000000001474      0x180 obj/Flash.o
 .debug_macro   0x00000000000015f4      0x2a6 obj/Flash.o
 .debug_macro   0x000000000000189a       0x10 obj/Flash.o
 .debug_macro   0x00000000000018aa       0x35 obj/Flash.o
 .debug_macro   0x00000000000018df       0x1f obj/Flash.o
 .debug_macro   0x00000000000018fe      0x166 obj/DMA1.o
 .debug_macro   0x0000000000001a64      0x160 obj/USART1.o
 .debug_macro   0x0000000000001bc4      0x160 obj/Tim1_Pwm.o
 .debug_macro   0x0000000000001d24      0x160 obj/BinUtils.o
 .debug_macro   0x0000000000001e84      0x20d obj/FiFo.o
 .debug_macro   0x0000000000002091      0x1ae obj/RecordingLight.o
 .debug_macro   0x000000000000223f       0x22 obj/RecordingLight.o
 .debug_macro   0x0000000000002261       0x10 obj/RecordingLight.o
 .debug_macro   0x0000000000002271      0x235 obj/Settings.o
 .debug_macro   0x00000000000024a6      0x236 obj/USART_SM.o
 .debug_macro   0x00000000000026dc       0x22 obj/USART_SM.o

.debug_str      0x0000000000000000    0x307d1
 .debug_str     0x0000000000000000    0x2ae49 obj/system_stm32f0xx.o
                                      0x2afc1 (size before relaxing)
 .debug_str     0x000000000002ae49      0x5bb obj/stm32f0xx_rcc.o
                                      0x2b529 (size before relaxing)
 .debug_str     0x000000000002b404      0x2e9 obj/stm32f0xx_gpio.o
                                      0x2b1d2 (size before relaxing)
 .debug_str     0x000000000002b6ed      0x164 obj/stm32f0xx_misc.o
                                      0x2b03c (size before relaxing)
 .debug_str     0x000000000002b851      0x38e obj/stm32f0xx_flash.o
                                      0x2b2c5 (size before relaxing)
 .debug_str     0x000000000002bbdf      0xc38 obj/stm32f0xx_tim.o
                                      0x2bba5 (size before relaxing)
 .debug_str     0x000000000002c817      0x41a obj/stm32f0xx_dma.o
                                      0x2b304 (size before relaxing)
 .debug_str     0x000000000002cc31      0x847 obj/stm32f0xx_usart.o
                                      0x2b7f7 (size before relaxing)
 .debug_str     0x000000000002d478       0xa2 obj/main.o
                                      0x2af2a (size before relaxing)
 .debug_str     0x000000000002d51a       0x7e obj/stm32f0xx_it.o
                                      0x2aedb (size before relaxing)
 .debug_str     0x000000000002d598      0x2f3 obj/System.o
                                      0x2b2ed (size before relaxing)
 .debug_str     0x000000000002d88b     0x2565 obj/Flash.o
                                      0x2d4c7 (size before relaxing)
 .debug_str     0x000000000002fdf0      0x138 obj/DMA1.o
                                      0x2b010 (size before relaxing)
 .debug_str     0x000000000002ff28       0xde obj/USART1.o
                                      0x2b41e (size before relaxing)
 .debug_str     0x0000000000030006       0xb3 obj/Tim1_Pwm.o
                                      0x2b2ed (size before relaxing)
 .debug_str     0x00000000000300b9       0x9d obj/BinUtils.o
                                      0x2af66 (size before relaxing)
 .debug_str     0x0000000000030156       0xa4 obj/FiFo.o
                                      0x2d4aa (size before relaxing)
 .debug_str     0x00000000000301fa      0x34d obj/RecordingLight.o
                                      0x2b262 (size before relaxing)
 .debug_str     0x0000000000030547      0x159 obj/Settings.o
                                      0x2d5af (size before relaxing)
 .debug_str     0x00000000000306a0      0x131 obj/USART_SM.o
                                      0x2d634 (size before relaxing)

.comment        0x0000000000000000       0x70
 .comment       0x0000000000000000       0x70 obj/system_stm32f0xx.o
                                         0x71 (size before relaxing)
 .comment       0x0000000000000000       0x71 obj/stm32f0xx_rcc.o
 .comment       0x0000000000000000       0x71 obj/stm32f0xx_gpio.o
 .comment       0x0000000000000000       0x71 obj/stm32f0xx_misc.o
 .comment       0x0000000000000000       0x71 obj/stm32f0xx_flash.o
 .comment       0x0000000000000000       0x71 obj/stm32f0xx_tim.o
 .comment       0x0000000000000000       0x71 obj/stm32f0xx_dma.o
 .comment       0x0000000000000000       0x71 obj/stm32f0xx_usart.o
 .comment       0x0000000000000000       0x71 obj/main.o
 .comment       0x0000000000000000       0x71 obj/stm32f0xx_it.o
 .comment       0x0000000000000000       0x71 obj/System.o
 .comment       0x0000000000000000       0x71 obj/Flash.o
 .comment       0x0000000000000000       0x71 obj/DMA1.o
 .comment       0x0000000000000000       0x71 obj/USART1.o
 .comment       0x0000000000000000       0x71 obj/Tim1_Pwm.o
 .comment       0x0000000000000000       0x71 obj/BinUtils.o
 .comment       0x0000000000000000       0x71 obj/FiFo.o
 .comment       0x0000000000000000       0x71 obj/RecordingLight.o
 .comment       0x0000000000000000       0x71 obj/Settings.o
 .comment       0x0000000000000000       0x71 obj/USART_SM.o

.debug_frame    0x0000000000000000     0x2750
 .debug_frame   0x0000000000000000       0x6c obj/system_stm32f0xx.o
 .debug_frame   0x000000000000006c      0x4e8 obj/stm32f0xx_rcc.o
 .debug_frame   0x0000000000000554      0x1b4 obj/stm32f0xx_gpio.o
 .debug_frame   0x0000000000000708       0x70 obj/stm32f0xx_misc.o
 .debug_frame   0x0000000000000778      0x3cc obj/stm32f0xx_flash.o
 .debug_frame   0x0000000000000b44      0xbb0 obj/stm32f0xx_tim.o
 .debug_frame   0x00000000000016f4      0x170 obj/stm32f0xx_dma.o
 .debug_frame   0x0000000000001864      0x650 obj/stm32f0xx_usart.o
 .debug_frame   0x0000000000001eb4       0x4c obj/main.o
 .debug_frame   0x0000000000001f00       0x80 obj/stm32f0xx_it.o
 .debug_frame   0x0000000000001f80      0x128 obj/System.o
 .debug_frame   0x00000000000020a8       0x6c obj/Flash.o
 .debug_frame   0x0000000000002114       0xa0 obj/DMA1.o
 .debug_frame   0x00000000000021b4       0x90 obj/USART1.o
 .debug_frame   0x0000000000002244       0xb0 obj/Tim1_Pwm.o
 .debug_frame   0x00000000000022f4       0x54 obj/BinUtils.o
 .debug_frame   0x0000000000002348       0xb0 obj/FiFo.o
 .debug_frame   0x00000000000023f8      0x18c obj/RecordingLight.o
 .debug_frame   0x0000000000002584       0x6c obj/Settings.o
 .debug_frame   0x00000000000025f0      0x110 obj/USART_SM.o
 .debug_frame   0x0000000000002700       0x20 /usr/local/Cellar/arm-none-eabi-gcc/20140609/bin/../lib/gcc/arm-none-eabi/4.8.4/armv6-m/libgcc.a(_udivsi3.o)
 .debug_frame   0x0000000000002720       0x30 /usr/local/Cellar/arm-none-eabi-gcc/20140609/bin/../lib/gcc/arm-none-eabi/4.8.4/../../../../arm-none-eabi/lib/armv6-m/libc.a(lib_a-memcpy-stub.o)

Cross Reference Table

Symbol                                            File
ADC1_COMP_IRQHandler                              obj/startup_stm32f0xx.o
AHBPrescTable                                     obj/system_stm32f0xx.o
BUTTON_CLK                                        obj/stm32f0_discovery.o
BUTTON_EXTI_LINE                                  obj/stm32f0_discovery.o
BUTTON_IRQn                                       obj/stm32f0_discovery.o
BUTTON_PIN                                        obj/stm32f0_discovery.o
BUTTON_PIN_SOURCE                                 obj/stm32f0_discovery.o
BUTTON_PORT                                       obj/stm32f0_discovery.o
BUTTON_PORT_SOURCE                                obj/stm32f0_discovery.o
BinUtils_create32BitFrom4Bytes                    obj/BinUtils.o
BinUtils_get4BytesFrom32Bit                       obj/BinUtils.o
                                                  obj/RecordingLight.o
CEC_IRQHandler                                    obj/startup_stm32f0xx.o
DMA1_Channel1_IRQHandler                          obj/DMA1.o
                                                  obj/startup_stm32f0xx.o
DMA1_Channel2_3_IRQHandler                        obj/DMA1.o
                                                  obj/startup_stm32f0xx.o
DMA1_Channel4_5_IRQHandler                        obj/DMA1.o
                                                  obj/startup_stm32f0xx.o
DMA1_init                                         obj/DMA1.o
                                                  obj/WS2812B.o
DMA1_setCallbacks                                 obj/DMA1.o
                                                  obj/WS2812B.o
DMA_ClearFlag                                     obj/stm32f0xx_dma.o
DMA_ClearITPendingBit                             obj/stm32f0xx_dma.o
                                                  obj/DMA1.o
DMA_Cmd                                           obj/stm32f0xx_dma.o
                                                  obj/WS2812B.o
DMA_DeInit                                        obj/stm32f0xx_dma.o
                                                  obj/WS2812B.o
DMA_GetCurrDataCounter                            obj/stm32f0xx_dma.o
DMA_GetFlagStatus                                 obj/stm32f0xx_dma.o
DMA_GetITStatus                                   obj/stm32f0xx_dma.o
                                                  obj/DMA1.o
DMA_ITConfig                                      obj/stm32f0xx_dma.o
                                                  obj/WS2812B.o
DMA_Init                                          obj/stm32f0xx_dma.o
                                                  obj/WS2812B.o
DMA_SetCurrDataCounter                            obj/stm32f0xx_dma.o
                                                  obj/WS2812B.o
DMA_StructInit                                    obj/stm32f0xx_dma.o
Default_Handler                                   obj/startup_stm32f0xx.o
EXTI0_1_IRQHandler                                obj/startup_stm32f0xx.o
EXTI2_3_IRQHandler                                obj/startup_stm32f0xx.o
EXTI4_15_IRQHandler                               obj/startup_stm32f0xx.o
EXTI_ClearFlag                                    obj/stm32f0xx_exti.o
EXTI_ClearITPendingBit                            obj/stm32f0xx_exti.o
EXTI_DeInit                                       obj/stm32f0xx_exti.o
EXTI_GenerateSWInterrupt                          obj/stm32f0xx_exti.o
EXTI_GetFlagStatus                                obj/stm32f0xx_exti.o
EXTI_GetITStatus                                  obj/stm32f0xx_exti.o
EXTI_Init                                         obj/stm32f0xx_exti.o
                                                  obj/stm32f0_discovery.o
EXTI_StructInit                                   obj/stm32f0xx_exti.o
FLASH_ClearFlag                                   obj/stm32f0xx_flash.o
FLASH_EraseAllPages                               obj/stm32f0xx_flash.o
FLASH_ErasePage                                   obj/stm32f0xx_flash.o
                                                  obj/Flash.o
FLASH_GetFlagStatus                               obj/stm32f0xx_flash.o
FLASH_GetPrefetchBufferStatus                     obj/stm32f0xx_flash.o
FLASH_GetStatus                                   obj/stm32f0xx_flash.o
FLASH_IRQHandler                                  obj/startup_stm32f0xx.o
FLASH_ITConfig                                    obj/stm32f0xx_flash.o
FLASH_Lock                                        obj/stm32f0xx_flash.o
FLASH_OB_BOOTConfig                               obj/stm32f0xx_flash.o
FLASH_OB_EnableWRP                                obj/stm32f0xx_flash.o
FLASH_OB_Erase                                    obj/stm32f0xx_flash.o
FLASH_OB_GetRDP                                   obj/stm32f0xx_flash.o
FLASH_OB_GetUser                                  obj/stm32f0xx_flash.o
FLASH_OB_GetWRP                                   obj/stm32f0xx_flash.o
FLASH_OB_Launch                                   obj/stm32f0xx_flash.o
FLASH_OB_Lock                                     obj/stm32f0xx_flash.o
FLASH_OB_RDPConfig                                obj/stm32f0xx_flash.o
FLASH_OB_SRAMParityConfig                         obj/stm32f0xx_flash.o
FLASH_OB_Unlock                                   obj/stm32f0xx_flash.o
FLASH_OB_UserConfig                               obj/stm32f0xx_flash.o
FLASH_OB_VDDAConfig                               obj/stm32f0xx_flash.o
FLASH_OB_WriteUser                                obj/stm32f0xx_flash.o
FLASH_PrefetchBufferCmd                           obj/stm32f0xx_flash.o
FLASH_ProgramHalfWord                             obj/stm32f0xx_flash.o
FLASH_ProgramOptionByteData                       obj/stm32f0xx_flash.o
FLASH_ProgramWord                                 obj/stm32f0xx_flash.o
                                                  obj/Flash.o
FLASH_SetLatency                                  obj/stm32f0xx_flash.o
FLASH_Unlock                                      obj/stm32f0xx_flash.o
                                                  obj/Flash.o
FLASH_WaitForLastOperation                        obj/stm32f0xx_flash.o
FiFo_init                                         obj/FiFo.o
                                                  obj/USART_SM.o
FiFo_pop                                          obj/FiFo.o
                                                  obj/USART_SM.o
FiFo_push                                         obj/FiFo.o
                                                  obj/USART_SM.o
FiFo_size                                         obj/FiFo.o
Flash_init                                        obj/Flash.o
                                                  obj/Settings.o
Flash_readFromDataPage                            obj/Flash.o
                                                  obj/Settings.o
Flash_writeToDataPage                             obj/Flash.o
                                                  obj/Settings.o
GPIO_CLK                                          obj/stm32f0_discovery.o
GPIO_DeInit                                       obj/stm32f0xx_gpio.o
GPIO_Init                                         obj/stm32f0xx_gpio.o
                                                  obj/Tim1_Pwm.o
                                                  obj/WS2812B.o
                                                  obj/USART1.o
                                                  obj/stm32f0_discovery.o
GPIO_PIN                                          obj/stm32f0_discovery.o
GPIO_PORT                                         obj/stm32f0_discovery.o
GPIO_PinAFConfig                                  obj/stm32f0xx_gpio.o
                                                  obj/Tim1_Pwm.o
                                                  obj/WS2812B.o
                                                  obj/USART1.o
GPIO_PinLockConfig                                obj/stm32f0xx_gpio.o
GPIO_ReadInputData                                obj/stm32f0xx_gpio.o
GPIO_ReadInputDataBit                             obj/stm32f0xx_gpio.o
                                                  obj/stm32f0_discovery.o
GPIO_ReadOutputData                               obj/stm32f0xx_gpio.o
GPIO_ReadOutputDataBit                            obj/stm32f0xx_gpio.o
GPIO_ResetBits                                    obj/stm32f0xx_gpio.o
GPIO_SetBits                                      obj/stm32f0xx_gpio.o
GPIO_StructInit                                   obj/stm32f0xx_gpio.o
GPIO_Write                                        obj/stm32f0xx_gpio.o
GPIO_WriteBit                                     obj/stm32f0xx_gpio.o
HardFault_Handler                                 obj/stm32f0xx_it.o
                                                  obj/startup_stm32f0xx.o
I2C1_IRQHandler                                   obj/startup_stm32f0xx.o
I2C2_IRQHandler                                   obj/startup_stm32f0xx.o
NMI_Handler                                       obj/stm32f0xx_it.o
                                                  obj/startup_stm32f0xx.o
NVIC_Init                                         obj/stm32f0xx_misc.o
                                                  obj/WS2812B.o
                                                  obj/USART1.o
                                                  obj/stm32f0_discovery.o
NVIC_SystemLPConfig                               obj/stm32f0xx_misc.o
PVD_IRQHandler                                    obj/startup_stm32f0xx.o
PendSV_Handler                                    obj/stm32f0xx_it.o
                                                  obj/startup_stm32f0xx.o
RCC_ADCCLKConfig                                  obj/stm32f0xx_rcc.o
RCC_AHBPeriphClockCmd                             obj/stm32f0xx_rcc.o
                                                  obj/Tim1_Pwm.o
                                                  obj/WS2812B.o
                                                  obj/USART1.o
                                                  obj/DMA1.o
                                                  obj/stm32f0_discovery.o
RCC_AHBPeriphResetCmd                             obj/stm32f0xx_rcc.o
                                                  obj/stm32f0xx_gpio.o
RCC_APB1PeriphClockCmd                            obj/stm32f0xx_rcc.o
                                                  obj/WS2812B.o
RCC_APB1PeriphResetCmd                            obj/stm32f0xx_rcc.o
                                                  obj/stm32f0xx_usart.o
                                                  obj/stm32f0xx_tim.o
RCC_APB2PeriphClockCmd                            obj/stm32f0xx_rcc.o
                                                  obj/Tim1_Pwm.o
                                                  obj/USART1.o
                                                  obj/stm32f0_discovery.o
RCC_APB2PeriphResetCmd                            obj/stm32f0xx_rcc.o
                                                  obj/stm32f0xx_usart.o
                                                  obj/stm32f0xx_tim.o
RCC_AdjustHSI14CalibrationValue                   obj/stm32f0xx_rcc.o
RCC_AdjustHSICalibrationValue                     obj/stm32f0xx_rcc.o
RCC_BackupResetCmd                                obj/stm32f0xx_rcc.o
RCC_CECCLKConfig                                  obj/stm32f0xx_rcc.o
RCC_ClearFlag                                     obj/stm32f0xx_rcc.o
RCC_ClearITPendingBit                             obj/stm32f0xx_rcc.o
RCC_ClockSecuritySystemCmd                        obj/stm32f0xx_rcc.o
RCC_DeInit                                        obj/stm32f0xx_rcc.o
RCC_GetClocksFreq                                 obj/stm32f0xx_rcc.o
                                                  obj/System.o
                                                  obj/stm32f0xx_usart.o
RCC_GetFlagStatus                                 obj/stm32f0xx_rcc.o
RCC_GetITStatus                                   obj/stm32f0xx_rcc.o
RCC_GetSYSCLKSource                               obj/stm32f0xx_rcc.o
RCC_HCLKConfig                                    obj/stm32f0xx_rcc.o
RCC_HSEConfig                                     obj/stm32f0xx_rcc.o
RCC_HSI14ADCRequestCmd                            obj/stm32f0xx_rcc.o
RCC_HSI14Cmd                                      obj/stm32f0xx_rcc.o
RCC_HSICmd                                        obj/stm32f0xx_rcc.o
RCC_I2CCLKConfig                                  obj/stm32f0xx_rcc.o
RCC_IRQHandler                                    obj/startup_stm32f0xx.o
RCC_ITConfig                                      obj/stm32f0xx_rcc.o
RCC_LSEConfig                                     obj/stm32f0xx_rcc.o
RCC_LSEDriveConfig                                obj/stm32f0xx_rcc.o
RCC_LSICmd                                        obj/stm32f0xx_rcc.o
RCC_MCOConfig                                     obj/stm32f0xx_rcc.o
RCC_PCLKConfig                                    obj/stm32f0xx_rcc.o
RCC_PLLCmd                                        obj/stm32f0xx_rcc.o
RCC_PLLConfig                                     obj/stm32f0xx_rcc.o
RCC_PREDIV1Config                                 obj/stm32f0xx_rcc.o
RCC_RTCCLKCmd                                     obj/stm32f0xx_rcc.o
RCC_RTCCLKConfig                                  obj/stm32f0xx_rcc.o
RCC_SYSCLKConfig                                  obj/stm32f0xx_rcc.o
RCC_USARTCLKConfig                                obj/stm32f0xx_rcc.o
RCC_WaitForHSEStartUp                             obj/stm32f0xx_rcc.o
RGB2RGBA                                          obj/Color.o
RGBA2RGB                                          obj/Color.o
RTC_IRQHandler                                    obj/startup_stm32f0xx.o
RecordingLight_init                               obj/RecordingLight.o
                                                  obj/main.o
RecordingLight_tick                               obj/RecordingLight.o
                                                  obj/main.o
Reset_Handler                                     obj/startup_stm32f0xx.o
SPI1_IRQHandler                                   obj/startup_stm32f0xx.o
SPI2_IRQHandler                                   obj/startup_stm32f0xx.o
STM_EVAL_LEDInit                                  obj/stm32f0_discovery.o
STM_EVAL_LEDOff                                   obj/stm32f0_discovery.o
STM_EVAL_LEDOn                                    obj/stm32f0_discovery.o
STM_EVAL_LEDToggle                                obj/stm32f0_discovery.o
STM_EVAL_PBGetState                               obj/stm32f0_discovery.o
STM_EVAL_PBInit                                   obj/stm32f0_discovery.o
SVC_Handler                                       obj/stm32f0xx_it.o
                                                  obj/startup_stm32f0xx.o
SYSCFG_BreakConfig                                obj/stm32f0xx_syscfg.o
SYSCFG_ClearFlag                                  obj/stm32f0xx_syscfg.o
SYSCFG_DMAChannelRemapConfig                      obj/stm32f0xx_syscfg.o
SYSCFG_DeInit                                     obj/stm32f0xx_syscfg.o
SYSCFG_EXTILineConfig                             obj/stm32f0xx_syscfg.o
                                                  obj/stm32f0_discovery.o
SYSCFG_GetFlagStatus                              obj/stm32f0xx_syscfg.o
SYSCFG_I2CFastModePlusConfig                      obj/stm32f0xx_syscfg.o
SYSCFG_MemoryRemapConfig                          obj/stm32f0xx_syscfg.o
Settings_read                                     obj/Settings.o
                                                  obj/RecordingLight.o
Settings_write                                    obj/Settings.o
                                                  obj/RecordingLight.o
SysTick_CLKSourceConfig                           obj/stm32f0xx_misc.o
SysTick_Handler                                   obj/System.o
                                                  obj/startup_stm32f0xx.o
SystemCoreClock                                   obj/system_stm32f0xx.o
SystemCoreClockUpdate                             obj/system_stm32f0xx.o
SystemInit                                        obj/system_stm32f0xx.o
                                                  obj/startup_stm32f0xx.o
System_PITSetIdleCallback                         obj/System.o
System_PITSetTaskCallback                         obj/System.o
                                                  obj/main.o
System_PITSetup                                   obj/System.o
                                                  obj/main.o
System_PITStart                                   obj/System.o
                                                  obj/main.o
System_init                                       obj/System.o
                                                  obj/main.o
TIM14_IRQHandler                                  obj/startup_stm32f0xx.o
TIM15_IRQHandler                                  obj/startup_stm32f0xx.o
TIM16_IRQHandler                                  obj/startup_stm32f0xx.o
TIM17_IRQHandler                                  obj/startup_stm32f0xx.o
TIM1_BRK_UP_TRG_COM_IRQHandler                    obj/startup_stm32f0xx.o
TIM1_CC_IRQHandler                                obj/startup_stm32f0xx.o
TIM2_IRQHandler                                   obj/startup_stm32f0xx.o
TIM3_IRQHandler                                   obj/startup_stm32f0xx.o
TIM6_DAC_IRQHandler                               obj/startup_stm32f0xx.o
TIM_ARRPreloadConfig                              obj/stm32f0xx_tim.o
                                                  obj/Tim1_Pwm.o
TIM_BDTRConfig                                    obj/stm32f0xx_tim.o
TIM_BDTRStructInit                                obj/stm32f0xx_tim.o
TIM_CCPreloadControl                              obj/stm32f0xx_tim.o
TIM_CCxCmd                                        obj/stm32f0xx_tim.o
TIM_CCxNCmd                                       obj/stm32f0xx_tim.o
TIM_ClearFlag                                     obj/stm32f0xx_tim.o
TIM_ClearITPendingBit                             obj/stm32f0xx_tim.o
TIM_ClearOC1Ref                                   obj/stm32f0xx_tim.o
TIM_ClearOC2Ref                                   obj/stm32f0xx_tim.o
TIM_ClearOC3Ref                                   obj/stm32f0xx_tim.o
TIM_ClearOC4Ref                                   obj/stm32f0xx_tim.o
TIM_Cmd                                           obj/stm32f0xx_tim.o
                                                  obj/Tim1_Pwm.o
                                                  obj/WS2812B.o
TIM_CounterModeConfig                             obj/stm32f0xx_tim.o
TIM_CtrlPWMOutputs                                obj/stm32f0xx_tim.o
                                                  obj/Tim1_Pwm.o
TIM_DMACmd                                        obj/stm32f0xx_tim.o
                                                  obj/WS2812B.o
TIM_DMAConfig                                     obj/stm32f0xx_tim.o
TIM_DeInit                                        obj/stm32f0xx_tim.o
TIM_ETRClockMode1Config                           obj/stm32f0xx_tim.o
TIM_ETRClockMode2Config                           obj/stm32f0xx_tim.o
TIM_ETRConfig                                     obj/stm32f0xx_tim.o
TIM_EncoderInterfaceConfig                        obj/stm32f0xx_tim.o
TIM_ForcedOC1Config                               obj/stm32f0xx_tim.o
TIM_ForcedOC2Config                               obj/stm32f0xx_tim.o
TIM_ForcedOC3Config                               obj/stm32f0xx_tim.o
TIM_ForcedOC4Config                               obj/stm32f0xx_tim.o
TIM_GenerateEvent                                 obj/stm32f0xx_tim.o
TIM_GetCapture1                                   obj/stm32f0xx_tim.o
TIM_GetCapture2                                   obj/stm32f0xx_tim.o
TIM_GetCapture3                                   obj/stm32f0xx_tim.o
TIM_GetCapture4                                   obj/stm32f0xx_tim.o
TIM_GetCounter                                    obj/stm32f0xx_tim.o
TIM_GetFlagStatus                                 obj/stm32f0xx_tim.o
TIM_GetITStatus                                   obj/stm32f0xx_tim.o
TIM_GetPrescaler                                  obj/stm32f0xx_tim.o
TIM_ICInit                                        obj/stm32f0xx_tim.o
TIM_ICStructInit                                  obj/stm32f0xx_tim.o
TIM_ITConfig                                      obj/stm32f0xx_tim.o
TIM_ITRxExternalClockConfig                       obj/stm32f0xx_tim.o
TIM_InternalClockConfig                           obj/stm32f0xx_tim.o
TIM_OC1FastConfig                                 obj/stm32f0xx_tim.o
TIM_OC1Init                                       obj/stm32f0xx_tim.o
                                                  obj/Tim1_Pwm.o
TIM_OC1NPolarityConfig                            obj/stm32f0xx_tim.o
TIM_OC1PolarityConfig                             obj/stm32f0xx_tim.o
TIM_OC1PreloadConfig                              obj/stm32f0xx_tim.o
                                                  obj/Tim1_Pwm.o
TIM_OC2FastConfig                                 obj/stm32f0xx_tim.o
TIM_OC2Init                                       obj/stm32f0xx_tim.o
                                                  obj/Tim1_Pwm.o
TIM_OC2NPolarityConfig                            obj/stm32f0xx_tim.o
TIM_OC2PolarityConfig                             obj/stm32f0xx_tim.o
TIM_OC2PreloadConfig                              obj/stm32f0xx_tim.o
TIM_OC3FastConfig                                 obj/stm32f0xx_tim.o
TIM_OC3Init                                       obj/stm32f0xx_tim.o
                                                  obj/Tim1_Pwm.o
TIM_OC3NPolarityConfig                            obj/stm32f0xx_tim.o
TIM_OC3PolarityConfig                             obj/stm32f0xx_tim.o
TIM_OC3PreloadConfig                              obj/stm32f0xx_tim.o
TIM_OC4FastConfig                                 obj/stm32f0xx_tim.o
TIM_OC4Init                                       obj/stm32f0xx_tim.o
                                                  obj/Tim1_Pwm.o
TIM_OC4PolarityConfig                             obj/stm32f0xx_tim.o
TIM_OC4PreloadConfig                              obj/stm32f0xx_tim.o
TIM_OCStructInit                                  obj/stm32f0xx_tim.o
TIM_PWMIConfig                                    obj/stm32f0xx_tim.o
TIM_PrescalerConfig                               obj/stm32f0xx_tim.o
TIM_RemapConfig                                   obj/stm32f0xx_tim.o
TIM_SelectCCDMA                                   obj/stm32f0xx_tim.o
TIM_SelectCOM                                     obj/stm32f0xx_tim.o
TIM_SelectHallSensor                              obj/stm32f0xx_tim.o
TIM_SelectInputTrigger                            obj/stm32f0xx_tim.o
TIM_SelectMasterSlaveMode                         obj/stm32f0xx_tim.o
TIM_SelectOCREFClear                              obj/stm32f0xx_tim.o
TIM_SelectOCxM                                    obj/stm32f0xx_tim.o
TIM_SelectOnePulseMode                            obj/stm32f0xx_tim.o
TIM_SelectOutputTrigger                           obj/stm32f0xx_tim.o
TIM_SelectSlaveMode                               obj/stm32f0xx_tim.o
TIM_SetAutoreload                                 obj/stm32f0xx_tim.o
TIM_SetClockDivision                              obj/stm32f0xx_tim.o
TIM_SetCompare1                                   obj/stm32f0xx_tim.o
                                                  obj/Tim1_Pwm.o
TIM_SetCompare2                                   obj/stm32f0xx_tim.o
                                                  obj/Tim1_Pwm.o
TIM_SetCompare3                                   obj/stm32f0xx_tim.o
                                                  obj/Tim1_Pwm.o
TIM_SetCompare4                                   obj/stm32f0xx_tim.o
                                                  obj/Tim1_Pwm.o
TIM_SetCounter                                    obj/stm32f0xx_tim.o
TIM_SetIC1Prescaler                               obj/stm32f0xx_tim.o
TIM_SetIC2Prescaler                               obj/stm32f0xx_tim.o
TIM_SetIC3Prescaler                               obj/stm32f0xx_tim.o
TIM_SetIC4Prescaler                               obj/stm32f0xx_tim.o
TIM_TIxExternalClockConfig                        obj/stm32f0xx_tim.o
TIM_TimeBaseInit                                  obj/stm32f0xx_tim.o
                                                  obj/Tim1_Pwm.o
                                                  obj/WS2812B.o
TIM_TimeBaseStructInit                            obj/stm32f0xx_tim.o
TIM_UpdateDisableConfig                           obj/stm32f0xx_tim.o
TIM_UpdateRequestConfig                           obj/stm32f0xx_tim.o
TS_IRQHandler                                     obj/startup_stm32f0xx.o
Tim1_Pwm_init                                     obj/Tim1_Pwm.o
                                                  obj/RecordingLight.o
Tim1_Pwm_setValueCh1                              obj/Tim1_Pwm.o
                                                  obj/RecordingLight.o
Tim1_Pwm_setValueCh2                              obj/Tim1_Pwm.o
                                                  obj/RecordingLight.o
Tim1_Pwm_setValueCh3                              obj/Tim1_Pwm.o
                                                  obj/RecordingLight.o
Tim1_Pwm_setValueCh4                              obj/Tim1_Pwm.o
USART1_IRQHandler                                 obj/USART1.o
                                                  obj/startup_stm32f0xx.o
USART1_init                                       obj/USART1.o
                                                  obj/USART_SM.o
USART1_sendByte                                   obj/USART1.o
                                                  obj/USART_SM.o
                                                  obj/RecordingLight.o
USART1_setByteReceivedCallback                    obj/USART1.o
                                                  obj/USART_SM.o
USART2_IRQHandler                                 obj/startup_stm32f0xx.o
USART_AddressDetectionConfig                      obj/stm32f0xx_usart.o
USART_AutoBaudRateCmd                             obj/stm32f0xx_usart.o
USART_AutoBaudRateConfig                          obj/stm32f0xx_usart.o
USART_AutoBaudRateNewRequest                      obj/stm32f0xx_usart.o
USART_ClearFlag                                   obj/stm32f0xx_usart.o
                                                  obj/USART1.o
USART_ClearITPendingBit                           obj/stm32f0xx_usart.o
USART_ClockInit                                   obj/stm32f0xx_usart.o
USART_ClockStructInit                             obj/stm32f0xx_usart.o
USART_Cmd                                         obj/stm32f0xx_usart.o
                                                  obj/USART1.o
USART_DECmd                                       obj/stm32f0xx_usart.o
USART_DEPolarityConfig                            obj/stm32f0xx_usart.o
USART_DMACmd                                      obj/stm32f0xx_usart.o
USART_DMAReceptionErrorConfig                     obj/stm32f0xx_usart.o
USART_DataInvCmd                                  obj/stm32f0xx_usart.o
USART_DeInit                                      obj/stm32f0xx_usart.o
USART_DirectionModeCmd                            obj/stm32f0xx_usart.o
USART_GetFlagStatus                               obj/stm32f0xx_usart.o
                                                  obj/USART1.o
USART_GetITStatus                                 obj/stm32f0xx_usart.o
                                                  obj/USART1.o
USART_HalfDuplexCmd                               obj/stm32f0xx_usart.o
USART_ITConfig                                    obj/stm32f0xx_usart.o
                                                  obj/USART1.o
USART_Init                                        obj/stm32f0xx_usart.o
                                                  obj/USART1.o
USART_InvPinCmd                                   obj/stm32f0xx_usart.o
USART_IrDACmd                                     obj/stm32f0xx_usart.o
USART_IrDAConfig                                  obj/stm32f0xx_usart.o
USART_LINBreakDetectLengthConfig                  obj/stm32f0xx_usart.o
USART_LINCmd                                      obj/stm32f0xx_usart.o
USART_MSBFirstCmd                                 obj/stm32f0xx_usart.o
USART_MuteModeCmd                                 obj/stm32f0xx_usart.o
USART_MuteModeWakeUpConfig                        obj/stm32f0xx_usart.o
USART_OneBitMethodCmd                             obj/stm32f0xx_usart.o
USART_OverSampling8Cmd                            obj/stm32f0xx_usart.o
USART_OverrunDetectionConfig                      obj/stm32f0xx_usart.o
USART_ReceiveData                                 obj/stm32f0xx_usart.o
USART_ReceiverTimeOutCmd                          obj/stm32f0xx_usart.o
USART_RequestCmd                                  obj/stm32f0xx_usart.o
USART_SM_getMessage                               obj/USART_SM.o
                                                  obj/RecordingLight.o
USART_SM_init                                     obj/USART_SM.o
                                                  obj/RecordingLight.o
USART_SM_sendMessage                              obj/USART_SM.o
USART_SM_tick                                     obj/USART_SM.o
                                                  obj/RecordingLight.o
USART_STOPModeCmd                                 obj/stm32f0xx_usart.o
USART_SWAPPinCmd                                  obj/stm32f0xx_usart.o
USART_SendData                                    obj/stm32f0xx_usart.o
                                                  obj/USART1.o
USART_SetAddress                                  obj/stm32f0xx_usart.o
USART_SetAutoRetryCount                           obj/stm32f0xx_usart.o
USART_SetBlockLength                              obj/stm32f0xx_usart.o
USART_SetDEAssertionTime                          obj/stm32f0xx_usart.o
USART_SetDEDeassertionTime                        obj/stm32f0xx_usart.o
USART_SetGuardTime                                obj/stm32f0xx_usart.o
USART_SetPrescaler                                obj/stm32f0xx_usart.o
USART_SetReceiverTimeOut                          obj/stm32f0xx_usart.o
USART_SmartCardCmd                                obj/stm32f0xx_usart.o
USART_SmartCardNACKCmd                            obj/stm32f0xx_usart.o
USART_StopModeWakeUpSourceConfig                  obj/stm32f0xx_usart.o
USART_StructInit                                  obj/stm32f0xx_usart.o
WS2812B_fillColor                                 obj/WS2812B.o
WS2812B_fillSectionColor                          obj/WS2812B.o
WS2812B_getLedColor                               obj/WS2812B.o
WS2812B_getLedDescription                         obj/WS2812B.o
WS2812B_getNumberOfActiveLeds                     obj/WS2812B.o
WS2812B_init                                      obj/WS2812B.o
WS2812B_setLedColor                               obj/WS2812B.o
WS2812B_setNumberOfActiveLeds                     obj/WS2812B.o
WS2812B_start                                     obj/WS2812B.o
WS2812B_stop                                      obj/WS2812B.o
WS2812B_tick                                      obj/WS2812B.o
WWDG_IRQHandler                                   obj/startup_stm32f0xx.o
__aeabi_idiv0                                     /usr/local/Cellar/arm-none-eabi-gcc/20140609/bin/../lib/gcc/arm-none-eabi/4.8.4/armv6-m/libgcc.a(_dvmd_tls.o)
                                                  /usr/local/Cellar/arm-none-eabi-gcc/20140609/bin/../lib/gcc/arm-none-eabi/4.8.4/armv6-m/libgcc.a(_udivsi3.o)
__aeabi_ldiv0                                     /usr/local/Cellar/arm-none-eabi-gcc/20140609/bin/../lib/gcc/arm-none-eabi/4.8.4/armv6-m/libgcc.a(_dvmd_tls.o)
__aeabi_uidiv                                     /usr/local/Cellar/arm-none-eabi-gcc/20140609/bin/../lib/gcc/arm-none-eabi/4.8.4/armv6-m/libgcc.a(_udivsi3.o)
                                                  obj/FiFo.o
                                                  obj/Color.o
                                                  obj/System.o
                                                  obj/stm32f0xx_usart.o
                                                  obj/stm32f0xx_rcc.o
                                                  obj/system_stm32f0xx.o
__aeabi_uidivmod                                  /usr/local/Cellar/arm-none-eabi-gcc/20140609/bin/../lib/gcc/arm-none-eabi/4.8.4/armv6-m/libgcc.a(_udivsi3.o)
                                                  obj/WS2812B.o
__udivsi3                                         /usr/local/Cellar/arm-none-eabi-gcc/20140609/bin/../lib/gcc/arm-none-eabi/4.8.4/armv6-m/libgcc.a(_udivsi3.o)
_ebss                                             obj/startup_stm32f0xx.o
_edata                                            obj/startup_stm32f0xx.o
_estack                                           obj/startup_stm32f0xx.o
_sbss                                             obj/startup_stm32f0xx.o
_sdata                                            obj/startup_stm32f0xx.o
_sidata                                           obj/startup_stm32f0xx.o
assert_failed                                     obj/main.o
                                                  obj/stm32f0xx_usart.o
                                                  obj/stm32f0xx_dma.o
                                                  obj/stm32f0xx_tim.o
                                                  obj/stm32f0xx_flash.o
                                                  obj/stm32f0xx_exti.o
                                                  obj/stm32f0xx_syscfg.o
                                                  obj/stm32f0xx_misc.o
                                                  obj/stm32f0xx_gpio.o
                                                  obj/stm32f0xx_rcc.o
g_pfnVectors                                      obj/startup_stm32f0xx.o
idle                                              obj/System.o
isInited                                          obj/Settings.o
main                                              obj/main.o
                                                  obj/startup_stm32f0xx.o
memcpy                                            /usr/local/Cellar/arm-none-eabi-gcc/20140609/bin/../lib/gcc/arm-none-eabi/4.8.4/../../../../arm-none-eabi/lib/armv6-m/libc.a(lib_a-memcpy-stub.o)
                                                  obj/USART_SM.o
                                                  obj/Settings.o
                                                  obj/FiFo.o
                                                  obj/Flash.o
setLedColor                                       obj/RecordingLight.o
