Archive member included because of file (symbol)

/usr/local/Cellar/arm-none-eabi-gcc/20140609/bin/../lib/gcc/arm-none-eabi/4.8.4/armv6-m/libgcc.a(_udivsi3.o)
                              obj/system_stm32f0xx.o (__aeabi_uidiv)
/usr/local/Cellar/arm-none-eabi-gcc/20140609/bin/../lib/gcc/arm-none-eabi/4.8.4/armv6-m/libgcc.a(_dvmd_tls.o)
                              /usr/local/Cellar/arm-none-eabi-gcc/20140609/bin/../lib/gcc/arm-none-eabi/4.8.4/armv6-m/libgcc.a(_udivsi3.o) (__aeabi_idiv0)
/usr/local/Cellar/arm-none-eabi-gcc/20140609/bin/../lib/gcc/arm-none-eabi/4.8.4/../../../../arm-none-eabi/lib/armv6-m/libc.a(lib_a-memcpy-stub.o)
                              obj/Flash.o (memcpy)

Discarded input sections

 .group         0x0000000000000000        0x8 obj/stm32f0_discovery.o
 .group         0x0000000000000000        0x8 obj/stm32f0_discovery.o
 .group         0x0000000000000000        0x8 obj/stm32f0_discovery.o
 .group         0x0000000000000000        0x8 obj/stm32f0_discovery.o
 .group         0x0000000000000000        0x8 obj/stm32f0_discovery.o
 .group         0x0000000000000000        0x8 obj/stm32f0_discovery.o
 .group         0x0000000000000000        0x8 obj/stm32f0_discovery.o
 .group         0x0000000000000000        0x8 obj/stm32f0_discovery.o
 .group         0x0000000000000000        0x8 obj/stm32f0_discovery.o
 .group         0x0000000000000000        0x8 obj/stm32f0_discovery.o
 .group         0x0000000000000000        0x8 obj/stm32f0_discovery.o
 .group         0x0000000000000000        0x8 obj/stm32f0_discovery.o
 .group         0x0000000000000000        0x8 obj/stm32f0_discovery.o
 .group         0x0000000000000000        0x8 obj/stm32f0_discovery.o
 .group         0x0000000000000000        0x8 obj/stm32f0_discovery.o
 .group         0x0000000000000000        0x8 obj/stm32f0_discovery.o
 .group         0x0000000000000000        0x8 obj/stm32f0_discovery.o
 .group         0x0000000000000000        0x8 obj/stm32f0_discovery.o
 .group         0x0000000000000000        0x8 obj/stm32f0_discovery.o
 .group         0x0000000000000000        0x8 obj/stm32f0_discovery.o
 .group         0x0000000000000000        0x8 obj/stm32f0_discovery.o
 .group         0x0000000000000000        0x8 obj/stm32f0_discovery.o
 .group         0x0000000000000000        0x8 obj/stm32f0_discovery.o
 .group         0x0000000000000000        0x8 obj/stm32f0_discovery.o
 .group         0x0000000000000000        0x8 obj/stm32f0_discovery.o
 .group         0x0000000000000000        0x8 obj/stm32f0_discovery.o
 .group         0x0000000000000000        0x8 obj/stm32f0_discovery.o
 .group         0x0000000000000000        0x8 obj/stm32f0_discovery.o
 .group         0x0000000000000000        0x8 obj/stm32f0_discovery.o
 .text          0x0000000000000000        0x0 obj/stm32f0_discovery.o
 .data          0x0000000000000000        0x0 obj/stm32f0_discovery.o
 .bss           0x0000000000000000        0x0 obj/stm32f0_discovery.o
 .data.GPIO_PORT
                0x0000000000000000        0x8 obj/stm32f0_discovery.o
 .rodata.GPIO_PIN
                0x0000000000000000        0x4 obj/stm32f0_discovery.o
 .rodata.GPIO_CLK
                0x0000000000000000        0x8 obj/stm32f0_discovery.o
 .data.BUTTON_PORT
                0x0000000000000000        0x4 obj/stm32f0_discovery.o
 .rodata.BUTTON_PIN
                0x0000000000000000        0x4 obj/stm32f0_discovery.o
 .rodata.BUTTON_CLK
                0x0000000000000000        0x4 obj/stm32f0_discovery.o
 .rodata.BUTTON_EXTI_LINE
                0x0000000000000000        0x4 obj/stm32f0_discovery.o
 .rodata.BUTTON_PORT_SOURCE
                0x0000000000000000        0x4 obj/stm32f0_discovery.o
 .rodata.BUTTON_PIN_SOURCE
                0x0000000000000000        0x4 obj/stm32f0_discovery.o
 .rodata.BUTTON_IRQn
                0x0000000000000000        0x4 obj/stm32f0_discovery.o
 .text.STM_EVAL_LEDInit
                0x0000000000000000       0x78 obj/stm32f0_discovery.o
 .text.STM_EVAL_LEDOn
                0x0000000000000000       0x30 obj/stm32f0_discovery.o
 .text.STM_EVAL_LEDOff
                0x0000000000000000       0x30 obj/stm32f0_discovery.o
 .text.STM_EVAL_LEDToggle
                0x0000000000000000       0x44 obj/stm32f0_discovery.o
 .text.STM_EVAL_PBInit
                0x0000000000000000       0xdc obj/stm32f0_discovery.o
 .text.STM_EVAL_PBGetState
                0x0000000000000000       0x30 obj/stm32f0_discovery.o
 .debug_info    0x0000000000000000      0x6eb obj/stm32f0_discovery.o
 .debug_abbrev  0x0000000000000000      0x16a obj/stm32f0_discovery.o
 .debug_aranges
                0x0000000000000000       0x48 obj/stm32f0_discovery.o
 .debug_ranges  0x0000000000000000       0x38 obj/stm32f0_discovery.o
 .debug_macro   0x0000000000000000      0x156 obj/stm32f0_discovery.o
 .debug_macro   0x0000000000000000      0x814 obj/stm32f0_discovery.o
 .debug_macro   0x0000000000000000       0x75 obj/stm32f0_discovery.o
[...]
Memory Configuration

Name             Origin             Length             Attributes
FLASH            0x0000000008000000 0x0000000000010000 xr
RAM              0x0000000020000000 0x0000000000002000 xrw
MEMORY_B1        0x0000000060000000 0x0000000000000000 xr
*default*        0x0000000000000000 0xffffffffffffffff

Linker script and memory map

LOAD obj/stm32f0_discovery.o
LOAD obj/startup_stm32f0xx.o
LOAD obj/system_stm32f0xx.o
LOAD obj/stm32f0xx_rcc.o
LOAD obj/stm32f0xx_gpio.o
LOAD obj/stm32f0xx_misc.o
LOAD obj/stm32f0xx_syscfg.o
LOAD obj/stm32f0xx_exti.o
LOAD obj/stm32f0xx_flash.o
LOAD obj/stm32f0xx_tim.o
LOAD obj/main.o
LOAD obj/System.o
LOAD obj/Flash.o
LOAD /usr/local/Cellar/arm-none-eabi-gcc/20140609/bin/../lib/gcc/arm-none-eabi/4.8.4/../../../../arm-none-eabi/lib/armv6-m/libstdc++.a
LOAD /usr/local/Cellar/arm-none-eabi-gcc/20140609/bin/../lib/gcc/arm-none-eabi/4.8.4/../../../../arm-none-eabi/lib/armv6-m/libm.a
START GROUP
LOAD /usr/local/Cellar/arm-none-eabi-gcc/20140609/bin/../lib/gcc/arm-none-eabi/4.8.4/armv6-m/libgcc.a
LOAD /usr/local/Cellar/arm-none-eabi-gcc/20140609/bin/../lib/gcc/arm-none-eabi/4.8.4/../../../../arm-none-eabi/lib/armv6-m/libc.a
END GROUP
                0x0000000020002000                _estack = 0x20002000
                0x0000000000000000                _Min_Heap_Size = 0x0
                0x0000000000000400                _Min_Stack_Size = 0x400

.isr_vector     0x0000000008000000       0xc4
                0x0000000008000000                . = ALIGN (0x4)
 *(.isr_vector)
 .isr_vector    0x0000000008000000       0xc4 obj/startup_stm32f0xx.o
                0x0000000008000000                g_pfnVectors
                0x00000000080000c4                . = ALIGN (0x4)

.text           0x00000000080000c4      0xe70
                0x00000000080000c4                . = ALIGN (0x4)
 *(.text)
 *(.text*)
 .text.Reset_Handler
                0x00000000080000c4       0x48 obj/startup_stm32f0xx.o
                0x00000000080000c4                Reset_Handler
 .text.Default_Handler
                0x000000000800010c        0x2 obj/startup_stm32f0xx.o
                0x000000000800010c                TIM1_BRK_UP_TRG_COM_IRQHandler
                0x000000000800010c                HardFault_Handler
                0x000000000800010c                ADC1_COMP_IRQHandler
                0x000000000800010c                PVD_IRQHandler
                0x000000000800010c                PendSV_Handler
                0x000000000800010c                NMI_Handler
                0x000000000800010c                I2C1_IRQHandler
                0x000000000800010c                SPI1_IRQHandler
                0x000000000800010c                TIM6_DAC_IRQHandler
                0x000000000800010c                EXTI2_3_IRQHandler
                0x000000000800010c                I2C2_IRQHandler
                0x000000000800010c                TIM17_IRQHandler
                0x000000000800010c                RTC_IRQHandler
                0x000000000800010c                TIM16_IRQHandler
                0x000000000800010c                TIM3_IRQHandler
                0x000000000800010c                EXTI4_15_IRQHandler
                0x000000000800010c                RCC_IRQHandler
                0x000000000800010c                DMA1_Channel1_IRQHandler
                0x000000000800010c                Default_Handler
                0x000000000800010c                CEC_IRQHandler
                0x000000000800010c                TIM14_IRQHandler
                0x000000000800010c                DMA1_Channel4_5_IRQHandler
                0x000000000800010c                TIM15_IRQHandler
                0x000000000800010c                EXTI0_1_IRQHandler
                0x000000000800010c                SPI2_IRQHandler
                0x000000000800010c                SVC_Handler
                0x000000000800010c                TS_IRQHandler
                0x000000000800010c                WWDG_IRQHandler
                0x000000000800010c                TIM2_IRQHandler
                0x000000000800010c                DMA1_Channel2_3_IRQHandler
                0x000000000800010c                USART2_IRQHandler
                0x000000000800010c                FLASH_IRQHandler
                0x000000000800010c                USART1_IRQHandler
                0x000000000800010c                TIM1_CC_IRQHandler
 *fill*         0x000000000800010e        0x2 
 .text.SystemInit
                0x0000000008000110       0x8c obj/system_stm32f0xx.o
                0x0000000008000110                SystemInit
 .text.SetSysClock
                0x000000000800019c       0xe0 obj/system_stm32f0xx.o
 .text.RCC_AHBPeriphClockCmd
                0x000000000800027c       0x84 obj/stm32f0xx_rcc.o
                0x000000000800027c                RCC_AHBPeriphClockCmd
 .text.RCC_APB1PeriphClockCmd
                0x0000000008000300       0x80 obj/stm32f0xx_rcc.o
                0x0000000008000300                RCC_APB1PeriphClockCmd
 .text.GPIO_Init
                0x0000000008000380      0x21c obj/stm32f0xx_gpio.o
                0x0000000008000380                GPIO_Init
 .text.GPIO_PinAFConfig
                0x000000000800059c      0x1a0 obj/stm32f0xx_gpio.o
                0x000000000800059c                GPIO_PinAFConfig
 .text.TIM_TimeBaseInit
                0x000000000800073c      0x1ac obj/stm32f0xx_tim.o
                0x000000000800073c                TIM_TimeBaseInit
 .text.TIM_Cmd  0x00000000080008e8       0xd0 obj/stm32f0xx_tim.o
                0x00000000080008e8                TIM_Cmd
 .text.TIM_CtrlPWMOutputs
                0x00000000080009b8       0xb0 obj/stm32f0xx_tim.o
                0x00000000080009b8                TIM_CtrlPWMOutputs
 .text.TIM_OC3Init
                0x0000000008000a68      0x2e0 obj/stm32f0xx_tim.o
                0x0000000008000a68                TIM_OC3Init
 .text.main     0x0000000008000d48      0x104 obj/main.o
                0x0000000008000d48                main
 .text.assert_failed
                0x0000000008000e4c        0xc obj/main.o
                0x0000000008000e4c                assert_failed
 .text.System_init
                0x0000000008000e58        0x8 obj/System.o
                0x0000000008000e58                System_init
 .text.SysTick_Handler
                0x0000000008000e60       0x14 obj/System.o
                0x0000000008000e60                SysTick_Handler
 *(.rodata)
 .rodata        0x0000000008000e74       0x40 obj/stm32f0xx_rcc.o
 .rodata        0x0000000008000eb4       0x40 obj/stm32f0xx_gpio.o
 .rodata        0x0000000008000ef4       0x40 obj/stm32f0xx_tim.o
 *(.rodata*)
 *(.glue_7)
 .glue_7        0x0000000000000000        0x0 linker stubs
 *(.glue_7t)
 .glue_7t       0x0000000000000000        0x0 linker stubs
 *(.eh_frame)
 *(.init)
 *(.fini)
                0x0000000008000f34                . = ALIGN (0x4)
                0x0000000008000f34                _etext = .

.vfp11_veneer   0x0000000008000f34        0x0
 .vfp11_veneer  0x0000000000000000        0x0 linker stubs

.v4_bx          0x0000000008000f34        0x0
 .v4_bx         0x0000000000000000        0x0 linker stubs

.iplt           0x0000000008000f34        0x0
 .iplt          0x0000000000000000        0x0 obj/stm32f0_discovery.o

.rel.dyn        0x0000000008000f34        0x0
 .rel.iplt      0x0000000000000000        0x0 obj/stm32f0_discovery.o

.ARM.extab
 *(.ARM.extab* .gnu.linkonce.armextab.*)

.ARM            0x0000000008000f34        0x0
                0x0000000008000f34                __exidx_start = .
 *(.ARM.exidx*)
                0x0000000008000f34                __exidx_end = .

.preinit_array  0x0000000008000f34        0x0
                0x0000000008000f34                PROVIDE (__preinit_array_start, .)
 *(.preinit_array*)
                0x0000000008000f34                PROVIDE (__preinit_array_end, .)

.init_array     0x0000000008000f34        0x0
                0x0000000008000f34                PROVIDE (__init_array_start, .)
 *(SORT(.init_array.*))
 *(.init_array*)
                0x0000000008000f34                PROVIDE (__init_array_end, .)

.fini_array     0x0000000008000f34        0x0
                0x0000000008000f34                PROVIDE (__fini_array_start, .)
 *(.fini_array*)
 *(SORT(.fini_array.*))
                0x0000000008000f34                PROVIDE (__fini_array_end, .)
                0x0000000008000f34                _sidata = .

.data           0x0000000020000000        0x0 load address 0x0000000008000f34
                0x0000000020000000                . = ALIGN (0x4)
                0x0000000020000000                _sdata = .
 *(.data)
 *(.data*)
                0x0000000020000000                . = ALIGN (0x4)
                0x0000000020000000                _edata = .

.igot.plt       0x0000000020000000        0x0
 .igot.plt      0x0000000000000000        0x0 obj/stm32f0_discovery.o
                0x0000000020000000                . = ALIGN (0x4)

.bss            0x0000000020000000        0x4
                0x0000000020000000                _sbss = .
                0x0000000020000000                __bss_start__ = _sbss
 *(.bss)
 *(.bss*)
 .bss.handleSystickInterrupt
                0x0000000020000000        0x1 obj/System.o
 *(COMMON)
                0x0000000020000004                . = ALIGN (0x4)
 *fill*         0x0000000020000001        0x3 
                0x0000000020000004                _ebss = .
                0x0000000020000004                __bss_end__ = _ebss

._user_heap_stack
                0x0000000020000004      0x400
                0x0000000020000004                . = ALIGN (0x4)
                0x0000000020000004                PROVIDE (end, .)
                0x0000000020000004                PROVIDE (_end, .)
                0x0000000020000004                . = (. + _Min_Heap_Size)
                0x0000000020000404                . = (. + _Min_Stack_Size)
 *fill*         0x0000000020000004      0x400 
                0x0000000020000404                . = ALIGN (0x4)

.memory_b1_text
 *(.mb1text)
 *(.mb1text*)
 *(.mb1rodata)
 *(.mb1rodata*)

/DISCARD/
 libc.a(*)
 libm.a(*)
 libgcc.a(*)

.ARM.attributes
                0x0000000000000000       0x2f
 *(.ARM.attributes)
 .ARM.attributes
                0x0000000000000000       0x21 obj/startup_stm32f0xx.o
 .ARM.attributes
                0x0000000000000021       0x31 obj/system_stm32f0xx.o
 .ARM.attributes
                0x0000000000000052       0x31 obj/stm32f0xx_rcc.o
 .ARM.attributes
                0x0000000000000083       0x31 obj/stm32f0xx_gpio.o
 .ARM.attributes
                0x00000000000000b4       0x31 obj/stm32f0xx_tim.o
 .ARM.attributes
                0x00000000000000e5       0x31 obj/main.o
 .ARM.attributes
                0x0000000000000116       0x31 obj/System.o
OUTPUT(exe/hardwareTest.elf elf32-littlearm)

.debug_line     0x0000000000000000     0x31f2
 .debug_line    0x0000000000000000       0x84 obj/startup_stm32f0xx.o
 .debug_line    0x0000000000000084      0x4a7 obj/system_stm32f0xx.o
 .debug_line    0x000000000000052b      0x920 obj/stm32f0xx_rcc.o
 .debug_line    0x0000000000000e4b      0x65a obj/stm32f0xx_gpio.o
 .debug_line    0x00000000000014a5     0x1380 obj/stm32f0xx_tim.o
 .debug_line    0x0000000000002825      0x4c3 obj/main.o
 .debug_line    0x0000000000002ce8      0x50a obj/System.o

.debug_info     0x0000000000000000     0x3a83
 .debug_info    0x0000000000000000       0x8b obj/startup_stm32f0xx.o
 .debug_info    0x000000000000008b      0x2f6 obj/system_stm32f0xx.o
 .debug_info    0x0000000000000381      0x99b obj/stm32f0xx_rcc.o
 .debug_info    0x0000000000000d1c      0x5d6 obj/stm32f0xx_gpio.o
 .debug_info    0x00000000000012f2     0x1c6a obj/stm32f0xx_tim.o
 .debug_info    0x0000000000002f5c      0x5c9 obj/main.o
 .debug_info    0x0000000000003525      0x55e obj/System.o

.debug_abbrev   0x0000000000000000      0x93c
 .debug_abbrev  0x0000000000000000       0x12 obj/startup_stm32f0xx.o
 .debug_abbrev  0x0000000000000012      0x139 obj/system_stm32f0xx.o
 .debug_abbrev  0x000000000000014b      0x1d7 obj/stm32f0xx_rcc.o
 .debug_abbrev  0x0000000000000322      0x193 obj/stm32f0xx_gpio.o
 .debug_abbrev  0x00000000000004b5      0x1a0 obj/stm32f0xx_tim.o
 .debug_abbrev  0x0000000000000655      0x11a obj/main.o
 .debug_abbrev  0x000000000000076f      0x1cd obj/System.o

.debug_aranges  0x0000000000000000      0x5b0
 .debug_aranges
                0x0000000000000000       0x28 obj/startup_stm32f0xx.o
 .debug_aranges
                0x0000000000000028       0x30 obj/system_stm32f0xx.o
 .debug_aranges
                0x0000000000000058      0x150 obj/stm32f0xx_rcc.o
 .debug_aranges
                0x00000000000001a8       0x80 obj/stm32f0xx_gpio.o
 .debug_aranges
                0x0000000000000228      0x300 obj/stm32f0xx_tim.o
 .debug_aranges
                0x0000000000000528       0x28 obj/main.o
 .debug_aranges
                0x0000000000000550       0x60 obj/System.o

.debug_ranges   0x0000000000000000      0x548
 .debug_ranges  0x0000000000000000       0x20 obj/startup_stm32f0xx.o
 .debug_ranges  0x0000000000000020       0x20 obj/system_stm32f0xx.o
 .debug_ranges  0x0000000000000040      0x140 obj/stm32f0xx_rcc.o
 .debug_ranges  0x0000000000000180       0x70 obj/stm32f0xx_gpio.o
 .debug_ranges  0x00000000000001f0      0x2f0 obj/stm32f0xx_tim.o
 .debug_ranges  0x00000000000004e0       0x18 obj/main.o
 .debug_ranges  0x00000000000004f8       0x50 obj/System.o

.debug_macro    0x0000000000000000      0x859
 .debug_macro   0x0000000000000000      0x14d obj/system_stm32f0xx.o
 .debug_macro   0x000000000000014d      0x16b obj/stm32f0xx_rcc.o
 .debug_macro   0x00000000000002b8      0x14d obj/stm32f0xx_gpio.o
 .debug_macro   0x0000000000000405      0x169 obj/stm32f0xx_tim.o
 .debug_macro   0x000000000000056e      0x169 obj/main.o
 .debug_macro   0x00000000000006d7       0x22 obj/main.o
 .debug_macro   0x00000000000006f9      0x160 obj/System.o

.debug_str      0x0000000000000000    0x2c8ee
 .debug_str     0x0000000000000000    0x2ae41 obj/system_stm32f0xx.o
                                      0x2afb9 (size before relaxing)
 .debug_str     0x000000000002ae41      0x5bb obj/stm32f0xx_rcc.o
                                      0x2b521 (size before relaxing)
 .debug_str     0x000000000002b3fc      0x2e9 obj/stm32f0xx_gpio.o
                                      0x2b1ca (size before relaxing)
 .debug_str     0x000000000002b6e5      0xc42 obj/stm32f0xx_tim.o
                                      0x2bb9d (size before relaxing)
 .debug_str     0x000000000002c327      0x274 obj/main.o
                                      0x2b45c (size before relaxing)
 .debug_str     0x000000000002c59b      0x353 obj/System.o
                                      0x2b2e5 (size before relaxing)

.comment        0x0000000000000000       0x70
 .comment       0x0000000000000000       0x70 obj/system_stm32f0xx.o
                                         0x71 (size before relaxing)
 .comment       0x0000000000000000       0x71 obj/stm32f0xx_rcc.o
 .comment       0x0000000000000000       0x71 obj/stm32f0xx_gpio.o
 .comment       0x0000000000000000       0x71 obj/stm32f0xx_tim.o
 .comment       0x0000000000000000       0x71 obj/main.o
 .comment       0x0000000000000000       0x71 obj/System.o

.debug_frame    0x0000000000000000     0x1430
 .debug_frame   0x0000000000000000       0x6c obj/system_stm32f0xx.o
 .debug_frame   0x000000000000006c      0x4e8 obj/stm32f0xx_rcc.o
 .debug_frame   0x0000000000000554      0x1b4 obj/stm32f0xx_gpio.o
 .debug_frame   0x0000000000000708      0xbb0 obj/stm32f0xx_tim.o
 .debug_frame   0x00000000000012b8       0x50 obj/main.o
 .debug_frame   0x0000000000001308      0x128 obj/System.o

Cross Reference Table

Symbol                                            File
ADC1_COMP_IRQHandler                              obj/startup_stm32f0xx.o
AHBPrescTable                                     obj/system_stm32f0xx.o
BUTTON_CLK                                        obj/stm32f0_discovery.o
BUTTON_EXTI_LINE                                  obj/stm32f0_discovery.o
BUTTON_IRQn                                       obj/stm32f0_discovery.o
BUTTON_PIN                                        obj/stm32f0_discovery.o
BUTTON_PIN_SOURCE                                 obj/stm32f0_discovery.o
BUTTON_PORT                                       obj/stm32f0_discovery.o
BUTTON_PORT_SOURCE                                obj/stm32f0_discovery.o
CEC_IRQHandler                                    obj/startup_stm32f0xx.o
DMA1_Channel1_IRQHandler                          obj/startup_stm32f0xx.o
DMA1_Channel2_3_IRQHandler                        obj/startup_stm32f0xx.o
DMA1_Channel4_5_IRQHandler                        obj/startup_stm32f0xx.o
Default_Handler                                   obj/startup_stm32f0xx.o
EXTI0_1_IRQHandler                                obj/startup_stm32f0xx.o
EXTI2_3_IRQHandler                                obj/startup_stm32f0xx.o
EXTI4_15_IRQHandler                               obj/startup_stm32f0xx.o
EXTI_ClearFlag                                    obj/stm32f0xx_exti.o
EXTI_ClearITPendingBit                            obj/stm32f0xx_exti.o
EXTI_DeInit                                       obj/stm32f0xx_exti.o
EXTI_GenerateSWInterrupt                          obj/stm32f0xx_exti.o
EXTI_GetFlagStatus                                obj/stm32f0xx_exti.o
EXTI_GetITStatus                                  obj/stm32f0xx_exti.o
EXTI_Init                                         obj/stm32f0xx_exti.o
                                                  obj/stm32f0_discovery.o
EXTI_StructInit                                   obj/stm32f0xx_exti.o
FLASH_ClearFlag                                   obj/stm32f0xx_flash.o
FLASH_EraseAllPages                               obj/stm32f0xx_flash.o
FLASH_ErasePage                                   obj/stm32f0xx_flash.o
                                                  obj/Flash.o
FLASH_GetFlagStatus                               obj/stm32f0xx_flash.o
FLASH_GetPrefetchBufferStatus                     obj/stm32f0xx_flash.o
FLASH_GetStatus                                   obj/stm32f0xx_flash.o
FLASH_IRQHandler                                  obj/startup_stm32f0xx.o
FLASH_ITConfig                                    obj/stm32f0xx_flash.o
FLASH_Lock                                        obj/stm32f0xx_flash.o
FLASH_OB_BOOTConfig                               obj/stm32f0xx_flash.o
FLASH_OB_EnableWRP                                obj/stm32f0xx_flash.o
FLASH_OB_Erase                                    obj/stm32f0xx_flash.o
FLASH_OB_GetRDP                                   obj/stm32f0xx_flash.o
FLASH_OB_GetUser                                  obj/stm32f0xx_flash.o
FLASH_OB_GetWRP                                   obj/stm32f0xx_flash.o
FLASH_OB_Launch                                   obj/stm32f0xx_flash.o
FLASH_OB_Lock                                     obj/stm32f0xx_flash.o
FLASH_OB_RDPConfig                                obj/stm32f0xx_flash.o
FLASH_OB_SRAMParityConfig                         obj/stm32f0xx_flash.o
FLASH_OB_Unlock                                   obj/stm32f0xx_flash.o
FLASH_OB_UserConfig                               obj/stm32f0xx_flash.o
FLASH_OB_VDDAConfig                               obj/stm32f0xx_flash.o
FLASH_OB_WriteUser                                obj/stm32f0xx_flash.o
FLASH_PrefetchBufferCmd                           obj/stm32f0xx_flash.o
FLASH_ProgramHalfWord                             obj/stm32f0xx_flash.o
FLASH_ProgramOptionByteData                       obj/stm32f0xx_flash.o
FLASH_ProgramWord                                 obj/stm32f0xx_flash.o
                                                  obj/Flash.o
FLASH_SetLatency                                  obj/stm32f0xx_flash.o
FLASH_Unlock                                      obj/stm32f0xx_flash.o
                                                  obj/Flash.o
FLASH_WaitForLastOperation                        obj/stm32f0xx_flash.o
Flash_init                                        obj/Flash.o
Flash_readFromDataPage                            obj/Flash.o
Flash_writeToDataPage                             obj/Flash.o
GPIO_CLK                                          obj/stm32f0_discovery.o
GPIO_DeInit                                       obj/stm32f0xx_gpio.o
GPIO_Init                                         obj/stm32f0xx_gpio.o
                                                  obj/main.o
                                                  obj/stm32f0_discovery.o
GPIO_PIN                                          obj/stm32f0_discovery.o
GPIO_PORT                                         obj/stm32f0_discovery.o
GPIO_PinAFConfig                                  obj/stm32f0xx_gpio.o
                                                  obj/main.o
GPIO_PinLockConfig                                obj/stm32f0xx_gpio.o
GPIO_ReadInputData                                obj/stm32f0xx_gpio.o
GPIO_ReadInputDataBit                             obj/stm32f0xx_gpio.o
                                                  obj/stm32f0_discovery.o
GPIO_ReadOutputData                               obj/stm32f0xx_gpio.o
GPIO_ReadOutputDataBit                            obj/stm32f0xx_gpio.o
GPIO_ResetBits                                    obj/stm32f0xx_gpio.o
GPIO_SetBits                                      obj/stm32f0xx_gpio.o
GPIO_StructInit                                   obj/stm32f0xx_gpio.o
GPIO_Write                                        obj/stm32f0xx_gpio.o
GPIO_WriteBit                                     obj/stm32f0xx_gpio.o
HardFault_Handler                                 obj/startup_stm32f0xx.o
I2C1_IRQHandler                                   obj/startup_stm32f0xx.o
I2C2_IRQHandler                                   obj/startup_stm32f0xx.o
NMI_Handler                                       obj/startup_stm32f0xx.o
NVIC_Init                                         obj/stm32f0xx_misc.o
                                                  obj/stm32f0_discovery.o
NVIC_SystemLPConfig                               obj/stm32f0xx_misc.o
PVD_IRQHandler                                    obj/startup_stm32f0xx.o
PendSV_Handler                                    obj/startup_stm32f0xx.o
RCC_ADCCLKConfig                                  obj/stm32f0xx_rcc.o
RCC_AHBPeriphClockCmd                             obj/stm32f0xx_rcc.o
                                                  obj/main.o
                                                  obj/stm32f0_discovery.o
RCC_AHBPeriphResetCmd                             obj/stm32f0xx_rcc.o
                                                  obj/stm32f0xx_gpio.o
RCC_APB1PeriphClockCmd                            obj/stm32f0xx_rcc.o
                                                  obj/main.o
RCC_APB1PeriphResetCmd                            obj/stm32f0xx_rcc.o
                                                  obj/stm32f0xx_tim.o
RCC_APB2PeriphClockCmd                            obj/stm32f0xx_rcc.o
                                                  obj/stm32f0_discovery.o
RCC_APB2PeriphResetCmd                            obj/stm32f0xx_rcc.o
                                                  obj/stm32f0xx_tim.o
RCC_AdjustHSI14CalibrationValue                   obj/stm32f0xx_rcc.o
RCC_AdjustHSICalibrationValue                     obj/stm32f0xx_rcc.o
RCC_BackupResetCmd                                obj/stm32f0xx_rcc.o
RCC_CECCLKConfig                                  obj/stm32f0xx_rcc.o
RCC_ClearFlag                                     obj/stm32f0xx_rcc.o
RCC_ClearITPendingBit                             obj/stm32f0xx_rcc.o
RCC_ClockSecuritySystemCmd                        obj/stm32f0xx_rcc.o
RCC_DeInit                                        obj/stm32f0xx_rcc.o
RCC_GetClocksFreq                                 obj/stm32f0xx_rcc.o
                                                  obj/System.o
RCC_GetFlagStatus                                 obj/stm32f0xx_rcc.o
RCC_GetITStatus                                   obj/stm32f0xx_rcc.o
RCC_GetSYSCLKSource                               obj/stm32f0xx_rcc.o
RCC_HCLKConfig                                    obj/stm32f0xx_rcc.o
RCC_HSEConfig                                     obj/stm32f0xx_rcc.o
RCC_HSI14ADCRequestCmd                            obj/stm32f0xx_rcc.o
RCC_HSI14Cmd                                      obj/stm32f0xx_rcc.o
RCC_HSICmd                                        obj/stm32f0xx_rcc.o
RCC_I2CCLKConfig                                  obj/stm32f0xx_rcc.o
RCC_IRQHandler                                    obj/startup_stm32f0xx.o
RCC_ITConfig                                      obj/stm32f0xx_rcc.o
RCC_LSEConfig                                     obj/stm32f0xx_rcc.o
RCC_LSEDriveConfig                                obj/stm32f0xx_rcc.o
RCC_LSICmd                                        obj/stm32f0xx_rcc.o
RCC_MCOConfig                                     obj/stm32f0xx_rcc.o
RCC_PCLKConfig                                    obj/stm32f0xx_rcc.o
RCC_PLLCmd                                        obj/stm32f0xx_rcc.o
RCC_PLLConfig                                     obj/stm32f0xx_rcc.o
RCC_PREDIV1Config                                 obj/stm32f0xx_rcc.o
RCC_RTCCLKCmd                                     obj/stm32f0xx_rcc.o
RCC_RTCCLKConfig                                  obj/stm32f0xx_rcc.o
RCC_SYSCLKConfig                                  obj/stm32f0xx_rcc.o
RCC_USARTCLKConfig                                obj/stm32f0xx_rcc.o
RCC_WaitForHSEStartUp                             obj/stm32f0xx_rcc.o
RTC_IRQHandler                                    obj/startup_stm32f0xx.o
Reset_Handler                                     obj/startup_stm32f0xx.o
SPI1_IRQHandler                                   obj/startup_stm32f0xx.o
SPI2_IRQHandler                                   obj/startup_stm32f0xx.o
STM_EVAL_LEDInit                                  obj/stm32f0_discovery.o
STM_EVAL_LEDOff                                   obj/stm32f0_discovery.o
STM_EVAL_LEDOn                                    obj/stm32f0_discovery.o
STM_EVAL_LEDToggle                                obj/stm32f0_discovery.o
STM_EVAL_PBGetState                               obj/stm32f0_discovery.o
STM_EVAL_PBInit                                   obj/stm32f0_discovery.o
SVC_Handler                                       obj/startup_stm32f0xx.o
SYSCFG_BreakConfig                                obj/stm32f0xx_syscfg.o
SYSCFG_ClearFlag                                  obj/stm32f0xx_syscfg.o
SYSCFG_DMAChannelRemapConfig                      obj/stm32f0xx_syscfg.o
SYSCFG_DeInit                                     obj/stm32f0xx_syscfg.o
SYSCFG_EXTILineConfig                             obj/stm32f0xx_syscfg.o
                                                  obj/stm32f0_discovery.o
SYSCFG_GetFlagStatus                              obj/stm32f0xx_syscfg.o
SYSCFG_I2CFastModePlusConfig                      obj/stm32f0xx_syscfg.o
SYSCFG_MemoryRemapConfig                          obj/stm32f0xx_syscfg.o
SysTick_CLKSourceConfig                           obj/stm32f0xx_misc.o
SysTick_Handler                                   obj/System.o
                                                  obj/startup_stm32f0xx.o
SystemCoreClock                                   obj/system_stm32f0xx.o
SystemCoreClockUpdate                             obj/system_stm32f0xx.o
SystemInit                                        obj/system_stm32f0xx.o
                                                  obj/startup_stm32f0xx.o
System_PITSetIdleCallback                         obj/System.o
System_PITSetTaskCallback                         obj/System.o
System_PITSetup                                   obj/System.o
System_PITStart                                   obj/System.o
System_init                                       obj/System.o
                                                  obj/main.o
TIM14_IRQHandler                                  obj/startup_stm32f0xx.o
TIM15_IRQHandler                                  obj/startup_stm32f0xx.o
TIM16_IRQHandler                                  obj/startup_stm32f0xx.o
TIM17_IRQHandler                                  obj/startup_stm32f0xx.o
TIM1_BRK_UP_TRG_COM_IRQHandler                    obj/startup_stm32f0xx.o
TIM1_CC_IRQHandler                                obj/startup_stm32f0xx.o
TIM2_IRQHandler                                   obj/startup_stm32f0xx.o
TIM3_IRQHandler                                   obj/startup_stm32f0xx.o
TIM6_DAC_IRQHandler                               obj/startup_stm32f0xx.o
TIM_ARRPreloadConfig                              obj/stm32f0xx_tim.o
TIM_BDTRConfig                                    obj/stm32f0xx_tim.o
TIM_BDTRStructInit                                obj/stm32f0xx_tim.o
TIM_CCPreloadControl                              obj/stm32f0xx_tim.o
TIM_CCxCmd                                        obj/stm32f0xx_tim.o
TIM_CCxNCmd                                       obj/stm32f0xx_tim.o
TIM_ClearFlag                                     obj/stm32f0xx_tim.o
TIM_ClearITPendingBit                             obj/stm32f0xx_tim.o
TIM_ClearOC1Ref                                   obj/stm32f0xx_tim.o
TIM_ClearOC2Ref                                   obj/stm32f0xx_tim.o
TIM_ClearOC3Ref                                   obj/stm32f0xx_tim.o
TIM_ClearOC4Ref                                   obj/stm32f0xx_tim.o
TIM_Cmd                                           obj/stm32f0xx_tim.o
                                                  obj/main.o
TIM_CounterModeConfig                             obj/stm32f0xx_tim.o
TIM_CtrlPWMOutputs                                obj/stm32f0xx_tim.o
                                                  obj/main.o
TIM_DMACmd                                        obj/stm32f0xx_tim.o
TIM_DMAConfig                                     obj/stm32f0xx_tim.o
TIM_DeInit                                        obj/stm32f0xx_tim.o
TIM_ETRClockMode1Config                           obj/stm32f0xx_tim.o
TIM_ETRClockMode2Config                           obj/stm32f0xx_tim.o
TIM_ETRConfig                                     obj/stm32f0xx_tim.o
TIM_EncoderInterfaceConfig                        obj/stm32f0xx_tim.o
TIM_ForcedOC1Config                               obj/stm32f0xx_tim.o
TIM_ForcedOC2Config                               obj/stm32f0xx_tim.o
TIM_ForcedOC3Config                               obj/stm32f0xx_tim.o
TIM_ForcedOC4Config                               obj/stm32f0xx_tim.o
TIM_GenerateEvent                                 obj/stm32f0xx_tim.o
TIM_GetCapture1                                   obj/stm32f0xx_tim.o
TIM_GetCapture2                                   obj/stm32f0xx_tim.o
TIM_GetCapture3                                   obj/stm32f0xx_tim.o
TIM_GetCapture4                                   obj/stm32f0xx_tim.o
TIM_GetCounter                                    obj/stm32f0xx_tim.o
TIM_GetFlagStatus                                 obj/stm32f0xx_tim.o
TIM_GetITStatus                                   obj/stm32f0xx_tim.o
TIM_GetPrescaler                                  obj/stm32f0xx_tim.o
TIM_ICInit                                        obj/stm32f0xx_tim.o
TIM_ICStructInit                                  obj/stm32f0xx_tim.o
TIM_ITConfig                                      obj/stm32f0xx_tim.o
TIM_ITRxExternalClockConfig                       obj/stm32f0xx_tim.o
TIM_InternalClockConfig                           obj/stm32f0xx_tim.o
TIM_OC1FastConfig                                 obj/stm32f0xx_tim.o
TIM_OC1Init                                       obj/stm32f0xx_tim.o
TIM_OC1NPolarityConfig                            obj/stm32f0xx_tim.o
TIM_OC1PolarityConfig                             obj/stm32f0xx_tim.o
TIM_OC1PreloadConfig                              obj/stm32f0xx_tim.o
TIM_OC2FastConfig                                 obj/stm32f0xx_tim.o
TIM_OC2Init                                       obj/stm32f0xx_tim.o
TIM_OC2NPolarityConfig                            obj/stm32f0xx_tim.o
TIM_OC2PolarityConfig                             obj/stm32f0xx_tim.o
TIM_OC2PreloadConfig                              obj/stm32f0xx_tim.o
TIM_OC3FastConfig                                 obj/stm32f0xx_tim.o
TIM_OC3Init                                       obj/stm32f0xx_tim.o
                                                  obj/main.o
TIM_OC3NPolarityConfig                            obj/stm32f0xx_tim.o
TIM_OC3PolarityConfig                             obj/stm32f0xx_tim.o
TIM_OC3PreloadConfig                              obj/stm32f0xx_tim.o
TIM_OC4FastConfig                                 obj/stm32f0xx_tim.o
TIM_OC4Init                                       obj/stm32f0xx_tim.o
TIM_OC4PolarityConfig                             obj/stm32f0xx_tim.o
TIM_OC4PreloadConfig                              obj/stm32f0xx_tim.o
TIM_OCStructInit                                  obj/stm32f0xx_tim.o
TIM_PWMIConfig                                    obj/stm32f0xx_tim.o
TIM_PrescalerConfig                               obj/stm32f0xx_tim.o
TIM_RemapConfig                                   obj/stm32f0xx_tim.o
TIM_SelectCCDMA                                   obj/stm32f0xx_tim.o
TIM_SelectCOM                                     obj/stm32f0xx_tim.o
TIM_SelectHallSensor                              obj/stm32f0xx_tim.o
TIM_SelectInputTrigger                            obj/stm32f0xx_tim.o
TIM_SelectMasterSlaveMode                         obj/stm32f0xx_tim.o
TIM_SelectOCREFClear                              obj/stm32f0xx_tim.o
TIM_SelectOCxM                                    obj/stm32f0xx_tim.o
TIM_SelectOnePulseMode                            obj/stm32f0xx_tim.o
TIM_SelectOutputTrigger                           obj/stm32f0xx_tim.o
TIM_SelectSlaveMode                               obj/stm32f0xx_tim.o
TIM_SetAutoreload                                 obj/stm32f0xx_tim.o
TIM_SetClockDivision                              obj/stm32f0xx_tim.o
TIM_SetCompare1                                   obj/stm32f0xx_tim.o
TIM_SetCompare2                                   obj/stm32f0xx_tim.o
TIM_SetCompare3                                   obj/stm32f0xx_tim.o
TIM_SetCompare4                                   obj/stm32f0xx_tim.o
TIM_SetCounter                                    obj/stm32f0xx_tim.o
TIM_SetIC1Prescaler                               obj/stm32f0xx_tim.o
TIM_SetIC2Prescaler                               obj/stm32f0xx_tim.o
TIM_SetIC3Prescaler                               obj/stm32f0xx_tim.o
TIM_SetIC4Prescaler                               obj/stm32f0xx_tim.o
TIM_TIxExternalClockConfig                        obj/stm32f0xx_tim.o
TIM_TimeBaseInit                                  obj/stm32f0xx_tim.o
                                                  obj/main.o
TIM_TimeBaseStructInit                            obj/stm32f0xx_tim.o
TIM_UpdateDisableConfig                           obj/stm32f0xx_tim.o
TIM_UpdateRequestConfig                           obj/stm32f0xx_tim.o
TS_IRQHandler                                     obj/startup_stm32f0xx.o
USART1_IRQHandler                                 obj/startup_stm32f0xx.o
USART2_IRQHandler                                 obj/startup_stm32f0xx.o
WWDG_IRQHandler                                   obj/startup_stm32f0xx.o
__aeabi_idiv0                                     /usr/local/Cellar/arm-none-eabi-gcc/20140609/bin/../lib/gcc/arm-none-eabi/4.8.4/armv6-m/libgcc.a(_dvmd_tls.o)
                                                  /usr/local/Cellar/arm-none-eabi-gcc/20140609/bin/../lib/gcc/arm-none-eabi/4.8.4/armv6-m/libgcc.a(_udivsi3.o)
__aeabi_ldiv0                                     /usr/local/Cellar/arm-none-eabi-gcc/20140609/bin/../lib/gcc/arm-none-eabi/4.8.4/armv6-m/libgcc.a(_dvmd_tls.o)
__aeabi_uidiv                                     /usr/local/Cellar/arm-none-eabi-gcc/20140609/bin/../lib/gcc/arm-none-eabi/4.8.4/armv6-m/libgcc.a(_udivsi3.o)
                                                  obj/System.o
                                                  obj/stm32f0xx_rcc.o
                                                  obj/system_stm32f0xx.o
__aeabi_uidivmod                                  /usr/local/Cellar/arm-none-eabi-gcc/20140609/bin/../lib/gcc/arm-none-eabi/4.8.4/armv6-m/libgcc.a(_udivsi3.o)
__udivsi3                                         /usr/local/Cellar/arm-none-eabi-gcc/20140609/bin/../lib/gcc/arm-none-eabi/4.8.4/armv6-m/libgcc.a(_udivsi3.o)
_ebss                                             obj/startup_stm32f0xx.o
_edata                                            obj/startup_stm32f0xx.o
_estack                                           obj/startup_stm32f0xx.o
_sbss                                             obj/startup_stm32f0xx.o
_sdata                                            obj/startup_stm32f0xx.o
_sidata                                           obj/startup_stm32f0xx.o
assert_failed                                     obj/main.o
                                                  obj/stm32f0xx_tim.o
                                                  obj/stm32f0xx_flash.o
                                                  obj/stm32f0xx_exti.o
                                                  obj/stm32f0xx_syscfg.o
                                                  obj/stm32f0xx_misc.o
                                                  obj/stm32f0xx_gpio.o
                                                  obj/stm32f0xx_rcc.o
g_pfnVectors                                      obj/startup_stm32f0xx.o
idle                                              obj/System.o
main                                              obj/main.o
                                                  obj/startup_stm32f0xx.o
memcpy                                            /usr/local/Cellar/arm-none-eabi-gcc/20140609/bin/../lib/gcc/arm-none-eabi/4.8.4/../../../../arm-none-eabi/lib/armv6-m/libc.a(lib_a-memcpy-stub.o)
                                                  obj/Flash.o
